Archive member included because of file (symbol)

c:/devkitPro/libogc/lib/wii\libfat.a(libfat.o)
                              main.o (fatMountSimple)
c:/devkitPro/libogc/lib/wii\libfat.a(partition.o)
                              c:/devkitPro/libogc/lib/wii\libfat.a(libfat.o) (_FAT_partition_constructor)
c:/devkitPro/libogc/lib/wii\libfat.a(cache.o)
                              c:/devkitPro/libogc/lib/wii\libfat.a(partition.o) (_FAT_cache_constructor)
c:/devkitPro/libogc/lib/wii\libfat.a(directory.o)
                              c:/devkitPro/libogc/lib/wii\libfat.a(libfat.o) (_FAT_directory_getVolumeLabel)
c:/devkitPro/libogc/lib/wii\libfat.a(disc.o)
                              c:/devkitPro/libogc/lib/wii\libfat.a(libfat.o) (_FAT_disc_interfaces)
c:/devkitPro/libogc/lib/wii\libfat.a(fatdir.o)
                              c:/devkitPro/libogc/lib/wii\libfat.a(libfat.o) (_FAT_stat_r)
c:/devkitPro/libogc/lib/wii\libfat.a(fatfile.o)
                              c:/devkitPro/libogc/lib/wii\libfat.a(libfat.o) (_FAT_open_r)
c:/devkitPro/libogc/lib/wii\libfat.a(file_allocation_table.o)
                              c:/devkitPro/libogc/lib/wii\libfat.a(directory.o) (_FAT_fat_nextCluster)
c:/devkitPro/libogc/lib/wii\libfat.a(filetime.o)
                              c:/devkitPro/libogc/lib/wii\libfat.a(fatdir.o) (_FAT_filetime_getTimeFromRTC)
c:/devkitPro/libogc/lib/wii\libwiiuse.a(wpad.o)
                              main.o (WPAD_Init)
c:/devkitPro/libogc/lib/wii\libwiiuse.a(motion_plus.o)
                              c:/devkitPro/libogc/lib/wii\libwiiuse.a(wpad.o) (wiiuse_set_motion_plus)
c:/devkitPro/libogc/lib/wii\libwiiuse.a(dynamics.o)
                              c:/devkitPro/libogc/lib/wii\libwiiuse.a(wpad.o) (calculate_gforce)
c:/devkitPro/libogc/lib/wii\libwiiuse.a(io.o)
                              c:/devkitPro/libogc/lib/wii\libwiiuse.a(motion_plus.o) (wiiuse_disable_expansion)
c:/devkitPro/libogc/lib/wii\libwiiuse.a(io_wii.o)
                              c:/devkitPro/libogc/lib/wii\libwiiuse.a(wpad.o) (__wiiuse_sensorbar_enable)
c:/devkitPro/libogc/lib/wii\libwiiuse.a(ir.o)
                              c:/devkitPro/libogc/lib/wii\libwiiuse.a(motion_plus.o) (wiiuse_set_ir_mode)
c:/devkitPro/libogc/lib/wii\libwiiuse.a(nunchuk.o)
                              c:/devkitPro/libogc/lib/wii\libwiiuse.a(io.o) (nunchuk_handshake)
c:/devkitPro/libogc/lib/wii\libwiiuse.a(wiiboard.o)
                              c:/devkitPro/libogc/lib/wii\libwiiuse.a(io.o) (wii_board_handshake)
c:/devkitPro/libogc/lib/wii\libwiiuse.a(wiiuse.o)
                              c:/devkitPro/libogc/lib/wii\libwiiuse.a(wpad.o) (wiiuse_init)
c:/devkitPro/libogc/lib/wii\libwiiuse.a(speaker.o)
                              c:/devkitPro/libogc/lib/wii\libwiiuse.a(wpad.o) (wencdata)
c:/devkitPro/libogc/lib/wii\libwiiuse.a(classic.o)
                              c:/devkitPro/libogc/lib/wii\libwiiuse.a(io.o) (classic_ctrl_handshake)
c:/devkitPro/libogc/lib/wii\libwiiuse.a(events.o)
                              c:/devkitPro/libogc/lib/wii\libwiiuse.a(io_wii.o) (parse_event)
c:/devkitPro/libogc/lib/wii\libwiiuse.a(guitar_hero_3.o)
                              c:/devkitPro/libogc/lib/wii\libwiiuse.a(io.o) (guitar_hero_3_handshake)
c:/devkitPro/libogc/lib/wii\libbte.a(bte.o)
                              c:/devkitPro/libogc/lib/wii\libwiiuse.a(wpad.o) (BTE_Init)
c:/devkitPro/libogc/lib/wii\libbte.a(hci.o)
                              c:/devkitPro/libogc/lib/wii\libbte.a(bte.o) (hci_init)
c:/devkitPro/libogc/lib/wii\libbte.a(l2cap.o)
                              c:/devkitPro/libogc/lib/wii\libbte.a(bte.o) (l2cap_init)
c:/devkitPro/libogc/lib/wii\libbte.a(btmemb.o)
                              c:/devkitPro/libogc/lib/wii\libbte.a(bte.o) (btmemb_init)
c:/devkitPro/libogc/lib/wii\libbte.a(btmemr.o)
                              c:/devkitPro/libogc/lib/wii\libbte.a(hci.o) (btmemr_init)
c:/devkitPro/libogc/lib/wii\libbte.a(btpbuf.o)
                              c:/devkitPro/libogc/lib/wii\libbte.a(hci.o) (btpbuf_init)
c:/devkitPro/libogc/lib/wii\libbte.a(physbusif.o)
                              c:/devkitPro/libogc/lib/wii\libbte.a(bte.o) (physbusif_init)
c:/devkitPro/libogc/lib/wii\libogc.a(console.o)
                              main.o (CON_Init)
c:/devkitPro/libogc/lib/wii\libogc.a(lwp_queue.o)
                              c:/devkitPro/libogc/lib/wii\libwiiuse.a(io_wii.o) (__lwp_queue_initialize)
c:/devkitPro/libogc/lib/wii\libogc.a(lwp_threads.o)
                              c:/devkitPro/libogc/lib/wii\libwiiuse.a(wpad.o) (_thread_dispatch_disable_level)
c:/devkitPro/libogc/lib/wii\libogc.a(lwp.o)
                              c:/devkitPro/libogc/lib/wii\libbte.a(bte.o) (LWP_InitQueue)
c:/devkitPro/libogc/lib/wii\libogc.a(lwp_handler.o)
                              c:/devkitPro/libogc/lib/wii\libogc.a(lwp_threads.o) (_cpu_context_save_fp)
[...]
Memory Configuration

Name             Origin             Length             Attributes
*default*        0x00000000         0xffffffff

Linker script and memory map

                0x00003400                . = 0x3400

.stub
 *(.stub)
                0x80004000                . = 0x80004000

.init           0x80004000      0x194
 *crt0.o(*.init)
 .init          0x80004000      0x170 c:/devkitPro/libogc/lib/wii\libogc.a(ogc_crt0.o)
                0x80004000                _start
                0x80004140                _memset
 *(.init)
 .init          0x80004170        0xc c:/devkitpro/devkitppc/bin/../lib/gcc/powerpc-eabi/4.6.3/ecrti.o
                0x80004170                __init
 .init          0x8000417c        0x4 c:/devkitpro/devkitppc/bin/../lib/gcc/powerpc-eabi/4.6.3/crtbegin.o
 .init          0x80004180        0x4 c:/devkitpro/devkitppc/bin/../lib/gcc/powerpc-eabi/4.6.3/crtend.o
 .init          0x80004184       0x10 c:/devkitpro/devkitppc/bin/../lib/gcc/powerpc-eabi/4.6.3/ecrtn.o

.rela.dyn       0x80004194        0x0
 .rela.iplt     0x00000000        0x0 c:/devkitpro/devkitppc/bin/../lib/gcc/powerpc-eabi/4.6.3/crtbegin.o

.plt
 *(.plt)

.interp
 *(.interp)

.hash
 *(.hash)

.dynsym
 *(.dynsym)

.dynstr
 *(.dynstr)

.gnu.version
 *(.gnu.version)

.gnu.version_d
 *(.gnu.version_d)

.gnu.version_r
 *(.gnu.version_r)

.rel.init
 *(.rel.init)

.rela.init      0x80004194        0x0
 *(.rela.init)
 .rela.init     0x00000000        0x0 c:/devkitpro/devkitppc/bin/../lib/gcc/powerpc-eabi/4.6.3/crtbegin.o

.rel.text
 *(.rel.text .rel.text.* .rel.gnu.linkonce.t.*)

.rela.text      0x80004194        0x0
 *(.rela.text .rela.text.* .rela.gnu.linkonce.t.*)
 .rela.text     0x00000000        0x0 c:/devkitpro/devkitppc/bin/../lib/gcc/powerpc-eabi/4.6.3/crtbegin.o
 .rela.text.startup.main
                0x00000000        0x0 c:/devkitpro/devkitppc/bin/../lib/gcc/powerpc-eabi/4.6.3/crtbegin.o
 .rela.text.fatUnmount
                0x00000000        0x0 c:/devkitpro/devkitppc/bin/../lib/gcc/powerpc-eabi/4.6.3/crtbegin.o
 .rela.text.fatInit
                0x00000000        0x0 c:/devkitpro/devkitppc/bin/../lib/gcc/powerpc-eabi/4.6.3/crtbegin.o
 .rela.text.fatGetVolumeLabel
                0x00000000        0x0 c:/devkitpro/devkitppc/bin/../lib/gcc/powerpc-eabi/4.6.3/crtbegin.o
 .rela.text._FAT_directory_entryGetAlias
                0x00000000        0x0 c:/devkitpro/devkitppc/bin/../lib/gcc/powerpc-eabi/4.6.3/crtbegin.o
 .rela.text.get_io_wiisd
                0x00000000        0x0 c:/devkitpro/devkitppc/bin/../lib/gcc/powerpc-eabi/4.6.3/crtbegin.o
 .rela.text.get_io_usbstorage
                0x00000000        0x0 c:/devkitpro/devkitppc/bin/../lib/gcc/powerpc-eabi/4.6.3/crtbegin.o
 .rela.text.get_io_gcsda
                0x00000000        0x0 c:/devkitpro/devkitppc/bin/../lib/gcc/powerpc-eabi/4.6.3/crtbegin.o
 .rela.text.get_io_gcsdb
                0x00000000        0x0 c:/devkitpro/devkitppc/bin/../lib/gcc/powerpc-eabi/4.6.3/crtbegin.o
 .rela.text.wiiuse_handshake_expansion
                0x00000000        0x0 c:/devkitpro/devkitppc/bin/../lib/gcc/powerpc-eabi/4.6.3/crtbegin.o
 .rela.text.wiiuse_handshake
                0x00000000        0x0 c:/devkitpro/devkitppc/bin/../lib/gcc/powerpc-eabi/4.6.3/crtbegin.o
 .rela.text.wiiuse_init_cmd_queue
                0x00000000        0x0 c:/devkitpro/devkitppc/bin/../lib/gcc/powerpc-eabi/4.6.3/crtbegin.o
 .rela.text.wiiuse_init
                0x00000000        0x0 c:/devkitpro/devkitppc/bin/../lib/gcc/powerpc-eabi/4.6.3/crtbegin.o
 .rela.text.bt_alarmhandler
                0x00000000        0x0 c:/devkitpro/devkitppc/bin/../lib/gcc/powerpc-eabi/4.6.3/crtbegin.o
 .rela.text.__console_init
                0x00000000        0x0 c:/devkitpro/devkitppc/bin/../lib/gcc/powerpc-eabi/4.6.3/crtbegin.o
 .rela.text.__console_init_ex
                0x00000000        0x0 c:/devkitpro/devkitppc/bin/../lib/gcc/powerpc-eabi/4.6.3/crtbegin.o
 .rela.text.CON_EnableGecko
                0x00000000        0x0 c:/devkitpro/devkitppc/bin/../lib/gcc/powerpc-eabi/4.6.3/crtbegin.o
 .rela.text.__lwp_thread_calcheir
                0x00000000        0x0 c:/devkitpro/devkitppc/bin/../lib/gcc/powerpc-eabi/4.6.3/crtbegin.o
 .rela.text.__lwp_wd_insert_ticks.constprop.4
                0x00000000        0x0 c:/devkitpro/devkitppc/bin/../lib/gcc/powerpc-eabi/4.6.3/crtbegin.o
 .rela.text.__lwp_rotate_readyqueue
                0x00000000        0x0 c:/devkitpro/devkitppc/bin/../lib/gcc/powerpc-eabi/4.6.3/crtbegin.o
 .rela.text.__lwp_thread_setpriority
                0x00000000        0x0 c:/devkitpro/devkitppc/bin/../lib/gcc/powerpc-eabi/4.6.3/crtbegin.o
 .rela.text.__lwp_thread_close
                0x00000000        0x0 c:/devkitpro/devkitppc/bin/../lib/gcc/powerpc-eabi/4.6.3/crtbegin.o
 .rela.text.__lwp_thread_closeall
                0x00000000        0x0 c:/devkitpro/devkitppc/bin/../lib/gcc/powerpc-eabi/4.6.3/crtbegin.o
 .rela.text.__lwp_thread_startmultitasking
                0x00000000        0x0 c:/devkitpro/devkitppc/bin/../lib/gcc/powerpc-eabi/4.6.3/crtbegin.o
 .rela.text.__lwp_thread_stopmultitasking
                0x00000000        0x0 c:/devkitpro/devkitppc/bin/../lib/gcc/powerpc-eabi/4.6.3/crtbegin.o
 .rela.text.__lwp_thread_coreinit
                0x00000000        0x0 c:/devkitpro/devkitppc/bin/../lib/gcc/powerpc-eabi/4.6.3/crtbegin.o
 .rela.text.__lwp_cntrl_free
                0x00000000        0x0 c:/devkitpro/devkitppc/bin/../lib/gcc/powerpc-eabi/4.6.3/crtbegin.o
 .rela.text.__lwp_tqueue_open
                0x00000000        0x0 c:/devkitpro/devkitppc/bin/../lib/gcc/powerpc-eabi/4.6.3/crtbegin.o
 .rela.text.__lwp_cntrl_open
                0x00000000        0x0 c:/devkitpro/devkitppc/bin/../lib/gcc/powerpc-eabi/4.6.3/crtbegin.o
 .rela.text.__lwp_sysinit
                0x00000000        0x0 c:/devkitpro/devkitppc/bin/../lib/gcc/powerpc-eabi/4.6.3/crtbegin.o
 .rela.text.__lwp_thread_isalive
                0x00000000        0x0 c:/devkitpro/devkitppc/bin/../lib/gcc/powerpc-eabi/4.6.3/crtbegin.o
 .rela.text.__lwp_thread_exists
                0x00000000        0x0 c:/devkitpro/devkitppc/bin/../lib/gcc/powerpc-eabi/4.6.3/crtbegin.o
 .rela.text.__lwp_thread_context
                0x00000000        0x0 c:/devkitpro/devkitppc/bin/../lib/gcc/powerpc-eabi/4.6.3/crtbegin.o
 .rela.text.LWP_CreateThread
                0x00000000        0x0 c:/devkitpro/devkitppc/bin/../lib/gcc/powerpc-eabi/4.6.3/crtbegin.o
 .rela.text.LWP_InitQueue
                0x00000000        0x0 c:/devkitpro/devkitppc/bin/../lib/gcc/powerpc-eabi/4.6.3/crtbegin.o
 .rela.text.LWP_CloseQueue
                0x00000000        0x0 c:/devkitpro/devkitppc/bin/../lib/gcc/powerpc-eabi/4.6.3/crtbegin.o
 .rela.text.__lwp_stack_allocate
                0x00000000        0x0 c:/devkitpro/devkitppc/bin/../lib/gcc/powerpc-eabi/4.6.3/crtbegin.o
 .rela.text.__lwp_stack_free
                0x00000000        0x0 c:/devkitpro/devkitppc/bin/../lib/gcc/powerpc-eabi/4.6.3/crtbegin.o
 .rela.text.__lwp_watchdog_init
                0x00000000        0x0 c:/devkitpro/devkitppc/bin/../lib/gcc/powerpc-eabi/4.6.3/crtbegin.o
 .rela.text.__lwp_wd_tickle
                0x00000000        0x0 c:/devkitpro/devkitppc/bin/../lib/gcc/powerpc-eabi/4.6.3/crtbegin.o
 .rela.text.__lwp_wkspace_heapfree
                0x00000000        0x0 c:/devkitpro/devkitppc/bin/../lib/gcc/powerpc-eabi/4.6.3/crtbegin.o
 .rela.text.__lwp_wkspace_heapused
                0x00000000        0x0 c:/devkitpro/devkitppc/bin/../lib/gcc/powerpc-eabi/4.6.3/crtbegin.o
 .rela.text.__lwp_wkspace_init
                0x00000000        0x0 c:/devkitpro/devkitppc/bin/../lib/gcc/powerpc-eabi/4.6.3/crtbegin.o
 .rela.text.__lwp_objmgr_initinfo
                0x00000000        0x0 c:/devkitpro/devkitppc/bin/../lib/gcc/powerpc-eabi/4.6.3/crtbegin.o
 .rela.text.__systemcall_init
                0x00000000        0x0 c:/devkitpro/devkitppc/bin/../lib/gcc/powerpc-eabi/4.6.3/crtbegin.o
 .rela.text.__exception_init
                0x00000000        0x0 c:/devkitpro/devkitppc/bin/../lib/gcc/powerpc-eabi/4.6.3/crtbegin.o
 .rela.text.__exception_close
                0x00000000        0x0 c:/devkitpro/devkitppc/bin/../lib/gcc/powerpc-eabi/4.6.3/crtbegin.o
 .rela.text.__exception_sethandler
                0x00000000        0x0 c:/devkitpro/devkitppc/bin/../lib/gcc/powerpc-eabi/4.6.3/crtbegin.o
 .rela.text.__irq_init
                0x00000000        0x0 c:/devkitpro/devkitppc/bin/../lib/gcc/powerpc-eabi/4.6.3/crtbegin.o
 .rela.text.__lwp_mutex_locksupp.constprop.7
                0x00000000        0x0 c:/devkitpro/devkitppc/bin/../lib/gcc/powerpc-eabi/4.6.3/crtbegin.o
 .rela.text.__lwp_mutex_init
                0x00000000        0x0 c:/devkitpro/devkitppc/bin/../lib/gcc/powerpc-eabi/4.6.3/crtbegin.o
 .rela.text.LWP_MutexInit
                0x00000000        0x0 c:/devkitpro/devkitppc/bin/../lib/gcc/powerpc-eabi/4.6.3/crtbegin.o
 .rela.text.LWP_MutexDestroy
                0x00000000        0x0 c:/devkitpro/devkitppc/bin/../lib/gcc/powerpc-eabi/4.6.3/crtbegin.o
 .rela.text.LWP_MutexUnlock
                0x00000000        0x0 c:/devkitpro/devkitppc/bin/../lib/gcc/powerpc-eabi/4.6.3/crtbegin.o
 .rela.text.__call_resetfuncs
                0x00000000        0x0 c:/devkitpro/devkitppc/bin/../lib/gcc/powerpc-eabi/4.6.3/crtbegin.o
 .rela.text.__locksram
                0x00000000        0x0 c:/devkitpro/devkitppc/bin/../lib/gcc/powerpc-eabi/4.6.3/crtbegin.o
 .rela.text.__lwp_wd_insert_ticks
                0x00000000        0x0 c:/devkitpro/devkitppc/bin/../lib/gcc/powerpc-eabi/4.6.3/crtbegin.o
 .rela.text.__unlocksram
                0x00000000        0x0 c:/devkitpro/devkitppc/bin/../lib/gcc/powerpc-eabi/4.6.3/crtbegin.o
 .rela.text.__sram_writecallback
                0x00000000        0x0 c:/devkitpro/devkitppc/bin/../lib/gcc/powerpc-eabi/4.6.3/crtbegin.o
 .rela.text.__sram_init
                0x00000000        0x0 c:/devkitpro/devkitppc/bin/../lib/gcc/powerpc-eabi/4.6.3/crtbegin.o
 .rela.text.__SYS_SyncSram
                0x00000000        0x0 c:/devkitpro/devkitppc/bin/../lib/gcc/powerpc-eabi/4.6.3/crtbegin.o
 .rela.text.SYS_Init
                0x00000000        0x0 c:/devkitpro/devkitppc/bin/../lib/gcc/powerpc-eabi/4.6.3/crtbegin.o
 .rela.text.SYS_RemoveAlarm
                0x00000000        0x0 c:/devkitpro/devkitppc/bin/../lib/gcc/powerpc-eabi/4.6.3/crtbegin.o
 .rela.text.SYS_CancelAlarm
                0x00000000        0x0 c:/devkitpro/devkitppc/bin/../lib/gcc/powerpc-eabi/4.6.3/crtbegin.o
 .rela.text.__lwp_cond_open
                0x00000000        0x0 c:/devkitpro/devkitppc/bin/../lib/gcc/powerpc-eabi/4.6.3/crtbegin.o
 .rela.text.__lwp_cond_init
                0x00000000        0x0 c:/devkitpro/devkitppc/bin/../lib/gcc/powerpc-eabi/4.6.3/crtbegin.o
 .rela.text.LWP_CondInit
                0x00000000        0x0 c:/devkitpro/devkitppc/bin/../lib/gcc/powerpc-eabi/4.6.3/crtbegin.o
 .rela.text.LWP_CondDestroy
                0x00000000        0x0 c:/devkitpro/devkitppc/bin/../lib/gcc/powerpc-eabi/4.6.3/crtbegin.o
 .rela.text.__GX_FifoLink
                0x00000000        0x0 c:/devkitpro/devkitppc/bin/../lib/gcc/powerpc-eabi/4.6.3/crtbegin.o
 .rela.text.__GX_WriteFifoIntEnable
                0x00000000        0x0 c:/devkitpro/devkitppc/bin/../lib/gcc/powerpc-eabi/4.6.3/crtbegin.o
 .rela.text.__GX_FifoReadEnable
                0x00000000        0x0 c:/devkitpro/devkitppc/bin/../lib/gcc/powerpc-eabi/4.6.3/crtbegin.o
 .rela.text.__GX_FifoReadDisable
                0x00000000        0x0 c:/devkitpro/devkitppc/bin/../lib/gcc/powerpc-eabi/4.6.3/crtbegin.o
 .rela.text.__GX_InitRevBits
                0x00000000        0x0 c:/devkitpro/devkitppc/bin/../lib/gcc/powerpc-eabi/4.6.3/crtbegin.o
 .rela.text.__GXDefTexRegionCallback
                0x00000000        0x0 c:/devkitpro/devkitppc/bin/../lib/gcc/powerpc-eabi/4.6.3/crtbegin.o
 .rela.text.__GXDefTlutRegionCallback
                0x00000000        0x0 c:/devkitpro/devkitppc/bin/../lib/gcc/powerpc-eabi/4.6.3/crtbegin.o
 .rela.text.__GX_FlushTextureState
                0x00000000        0x0 c:/devkitpro/devkitppc/bin/../lib/gcc/powerpc-eabi/4.6.3/crtbegin.o
 .rela.text.__SetSURegs
                0x00000000        0x0 c:/devkitpro/devkitppc/bin/../lib/gcc/powerpc-eabi/4.6.3/crtbegin.o
 .rela.text.__SETVCDFMT
                0x00000000        0x0 c:/devkitpro/devkitppc/bin/../lib/gcc/powerpc-eabi/4.6.3/crtbegin.o
 .rela.text.__GX_SetMatrixIndex
                0x00000000        0x0 c:/devkitpro/devkitppc/bin/../lib/gcc/powerpc-eabi/4.6.3/crtbegin.o
 .rela.text.__GX_SetDirtyState
                0x00000000        0x0 c:/devkitpro/devkitppc/bin/../lib/gcc/powerpc-eabi/4.6.3/crtbegin.o
 .rela.text.__SETVCDATTR
                0x00000000        0x0 c:/devkitpro/devkitppc/bin/../lib/gcc/powerpc-eabi/4.6.3/crtbegin.o
 .rela.text.__GX_WriteFifoIntReset.constprop.6
                0x00000000        0x0 c:/devkitpro/devkitppc/bin/../lib/gcc/powerpc-eabi/4.6.3/crtbegin.o
 .rela.text.__GXCPInterruptHandler
                0x00000000        0x0 c:/devkitpro/devkitppc/bin/../lib/gcc/powerpc-eabi/4.6.3/crtbegin.o
 .rela.text.GX_Flush
                0x00000000        0x0 c:/devkitpro/devkitppc/bin/../lib/gcc/powerpc-eabi/4.6.3/crtbegin.o
 .rela.text.GX_EnableBreakPt
                0x00000000        0x0 c:/devkitpro/devkitppc/bin/../lib/gcc/powerpc-eabi/4.6.3/crtbegin.o
 .rela.text.GX_DisableBreakPt
                0x00000000        0x0 c:/devkitpro/devkitppc/bin/../lib/gcc/powerpc-eabi/4.6.3/crtbegin.o
 .rela.text.GX_AbortFrame
                0x00000000        0x0 c:/devkitpro/devkitppc/bin/../lib/gcc/powerpc-eabi/4.6.3/crtbegin.o
 .rela.text.GX_PixModeSync
                0x00000000        0x0 c:/devkitpro/devkitppc/bin/../lib/gcc/powerpc-eabi/4.6.3/crtbegin.o
 .rela.text.GX_SetMisc
                0x00000000        0x0 c:/devkitpro/devkitppc/bin/../lib/gcc/powerpc-eabi/4.6.3/crtbegin.o
 .rela.text.GX_SetCopyClamp
                0x00000000        0x0 c:/devkitpro/devkitppc/bin/../lib/gcc/powerpc-eabi/4.6.3/crtbegin.o
 .rela.text.GX_SetDispCopyGamma
                0x00000000        0x0 c:/devkitpro/devkitppc/bin/../lib/gcc/powerpc-eabi/4.6.3/crtbegin.o
 .rela.text.GX_SetDispCopyFrame2Field
                0x00000000        0x0 c:/devkitpro/devkitppc/bin/../lib/gcc/powerpc-eabi/4.6.3/crtbegin.o
 .rela.text.GX_SetDispCopyYScale
                0x00000000        0x0 c:/devkitpro/devkitppc/bin/../lib/gcc/powerpc-eabi/4.6.3/crtbegin.o
 .rela.text.GX_SetDispCopyDst
                0x00000000        0x0 c:/devkitpro/devkitppc/bin/../lib/gcc/powerpc-eabi/4.6.3/crtbegin.o
 .rela.text.GX_SetDispCopySrc
                0x00000000        0x0 c:/devkitpro/devkitppc/bin/../lib/gcc/powerpc-eabi/4.6.3/crtbegin.o
 .rela.text.GX_CopyDisp
                0x00000000        0x0 c:/devkitpro/devkitppc/bin/../lib/gcc/powerpc-eabi/4.6.3/crtbegin.o
 .rela.text.GX_CopyTex
                0x00000000        0x0 c:/devkitpro/devkitppc/bin/../lib/gcc/powerpc-eabi/4.6.3/crtbegin.o
 .rela.text.GX_SetTexCopySrc
                0x00000000        0x0 c:/devkitpro/devkitppc/bin/../lib/gcc/powerpc-eabi/4.6.3/crtbegin.o
 .rela.text.GX_SetTexCopyDst
                0x00000000        0x0 c:/devkitpro/devkitppc/bin/../lib/gcc/powerpc-eabi/4.6.3/crtbegin.o
 .rela.text.GX_BeginDispList
                0x00000000        0x0 c:/devkitpro/devkitppc/bin/../lib/gcc/powerpc-eabi/4.6.3/crtbegin.o
 .rela.text.GX_EndDispList
                0x00000000        0x0 c:/devkitpro/devkitppc/bin/../lib/gcc/powerpc-eabi/4.6.3/crtbegin.o
 .rela.text.GX_CallDispList
                0x00000000        0x0 c:/devkitpro/devkitppc/bin/../lib/gcc/powerpc-eabi/4.6.3/crtbegin.o
 .rela.text.GX_SetChanCtrl
                0x00000000        0x0 c:/devkitpro/devkitppc/bin/../lib/gcc/powerpc-eabi/4.6.3/crtbegin.o
 .rela.text.GX_SetChanAmbColor
                0x00000000        0x0 c:/devkitpro/devkitppc/bin/../lib/gcc/powerpc-eabi/4.6.3/crtbegin.o
 .rela.text.GX_SetChanMatColor
                0x00000000        0x0 c:/devkitpro/devkitppc/bin/../lib/gcc/powerpc-eabi/4.6.3/crtbegin.o
 .rela.text.GX_SetVtxDesc
                0x00000000        0x0 c:/devkitpro/devkitppc/bin/../lib/gcc/powerpc-eabi/4.6.3/crtbegin.o
 .rela.text.GX_SetVtxDescv
                0x00000000        0x0 c:/devkitpro/devkitppc/bin/../lib/gcc/powerpc-eabi/4.6.3/crtbegin.o
 .rela.text.GX_GetVtxDescv
                0x00000000        0x0 c:/devkitpro/devkitppc/bin/../lib/gcc/powerpc-eabi/4.6.3/crtbegin.o
 .rela.text.GX_SetVtxAttrFmt
                0x00000000        0x0 c:/devkitpro/devkitppc/bin/../lib/gcc/powerpc-eabi/4.6.3/crtbegin.o
 .rela.text.GX_SetVtxAttrFmtv
                0x00000000        0x0 c:/devkitpro/devkitppc/bin/../lib/gcc/powerpc-eabi/4.6.3/crtbegin.o
 .rela.text.GX_Begin
                0x00000000        0x0 c:/devkitpro/devkitppc/bin/../lib/gcc/powerpc-eabi/4.6.3/crtbegin.o
 .rela.text.GX_SetTexCoordGen2
                0x00000000        0x0 c:/devkitpro/devkitppc/bin/../lib/gcc/powerpc-eabi/4.6.3/crtbegin.o
 .rela.text.GX_SetCurrentMtx
                0x00000000        0x0 c:/devkitpro/devkitppc/bin/../lib/gcc/powerpc-eabi/4.6.3/crtbegin.o
 .rela.text.GX_SetNumTexGens
                0x00000000        0x0 c:/devkitpro/devkitppc/bin/../lib/gcc/powerpc-eabi/4.6.3/crtbegin.o
 .rela.text.GX_SetZMode
                0x00000000        0x0 c:/devkitpro/devkitppc/bin/../lib/gcc/powerpc-eabi/4.6.3/crtbegin.o
 .rela.text.GX_LoadTexObjPreloaded
                0x00000000        0x0 c:/devkitpro/devkitppc/bin/../lib/gcc/powerpc-eabi/4.6.3/crtbegin.o
 .rela.text.GX_SetTexCoordScaleManually
                0x00000000        0x0 c:/devkitpro/devkitppc/bin/../lib/gcc/powerpc-eabi/4.6.3/crtbegin.o
 .rela.text.GX_SetTexCoordCylWrap
                0x00000000        0x0 c:/devkitpro/devkitppc/bin/../lib/gcc/powerpc-eabi/4.6.3/crtbegin.o
 .rela.text.GX_SetTexCoordBias
                0x00000000        0x0 c:/devkitpro/devkitppc/bin/../lib/gcc/powerpc-eabi/4.6.3/crtbegin.o
 .rela.text.GX_SetBlendMode
                0x00000000        0x0 c:/devkitpro/devkitppc/bin/../lib/gcc/powerpc-eabi/4.6.3/crtbegin.o
 .rela.text.GX_ClearVtxDesc
                0x00000000        0x0 c:/devkitpro/devkitppc/bin/../lib/gcc/powerpc-eabi/4.6.3/crtbegin.o
 .rela.text.GX_SetLineWidth
                0x00000000        0x0 c:/devkitpro/devkitppc/bin/../lib/gcc/powerpc-eabi/4.6.3/crtbegin.o
 .rela.text.GX_SetPointSize
                0x00000000        0x0 c:/devkitpro/devkitppc/bin/../lib/gcc/powerpc-eabi/4.6.3/crtbegin.o
 .rela.text.GX_SetTevColorIn
                0x00000000        0x0 c:/devkitpro/devkitppc/bin/../lib/gcc/powerpc-eabi/4.6.3/crtbegin.o
 .rela.text.GX_SetTevAlphaIn
                0x00000000        0x0 c:/devkitpro/devkitppc/bin/../lib/gcc/powerpc-eabi/4.6.3/crtbegin.o
 .rela.text.GX_SetTevColorOp
                0x00000000        0x0 c:/devkitpro/devkitppc/bin/../lib/gcc/powerpc-eabi/4.6.3/crtbegin.o
 .rela.text.GX_SetTevAlphaOp
                0x00000000        0x0 c:/devkitpro/devkitppc/bin/../lib/gcc/powerpc-eabi/4.6.3/crtbegin.o
 .rela.text.GX_SetCullMode
                0x00000000        0x0 c:/devkitpro/devkitppc/bin/../lib/gcc/powerpc-eabi/4.6.3/crtbegin.o
 .rela.text.GX_SetCoPlanar
                0x00000000        0x0 c:/devkitpro/devkitppc/bin/../lib/gcc/powerpc-eabi/4.6.3/crtbegin.o
 .rela.text.GX_EnableTexOffsets
                0x00000000        0x0 c:/devkitpro/devkitppc/bin/../lib/gcc/powerpc-eabi/4.6.3/crtbegin.o
 .rela.text.GX_SetScissor
                0x00000000        0x0 c:/devkitpro/devkitppc/bin/../lib/gcc/powerpc-eabi/4.6.3/crtbegin.o
 .rela.text.GX_SetNumChans
                0x00000000        0x0 c:/devkitpro/devkitppc/bin/../lib/gcc/powerpc-eabi/4.6.3/crtbegin.o
 .rela.text.GX_SetTevOrder
                0x00000000        0x0 c:/devkitpro/devkitppc/bin/../lib/gcc/powerpc-eabi/4.6.3/crtbegin.o
 .rela.text.GX_SetNumTevStages
                0x00000000        0x0 c:/devkitpro/devkitppc/bin/../lib/gcc/powerpc-eabi/4.6.3/crtbegin.o
 .rela.text.GX_SetTevKColorSel
                0x00000000        0x0 c:/devkitpro/devkitppc/bin/../lib/gcc/powerpc-eabi/4.6.3/crtbegin.o
 .rela.text.GX_SetTevKAlphaSel
                0x00000000        0x0 c:/devkitpro/devkitppc/bin/../lib/gcc/powerpc-eabi/4.6.3/crtbegin.o
 .rela.text.GX_SetTevSwapMode
                0x00000000        0x0 c:/devkitpro/devkitppc/bin/../lib/gcc/powerpc-eabi/4.6.3/crtbegin.o
 .rela.text.GX_SetTevSwapModeTable
                0x00000000        0x0 c:/devkitpro/devkitppc/bin/../lib/gcc/powerpc-eabi/4.6.3/crtbegin.o
 .rela.text.GX_SetNumIndStages
                0x00000000        0x0 c:/devkitpro/devkitppc/bin/../lib/gcc/powerpc-eabi/4.6.3/crtbegin.o
 .rela.text.GX_SetIndTexCoordScale
                0x00000000        0x0 c:/devkitpro/devkitppc/bin/../lib/gcc/powerpc-eabi/4.6.3/crtbegin.o
 .rela.text.GX_SetColorUpdate
                0x00000000        0x0 c:/devkitpro/devkitppc/bin/../lib/gcc/powerpc-eabi/4.6.3/crtbegin.o
 .rela.text.GX_SetAlphaUpdate
                0x00000000        0x0 c:/devkitpro/devkitppc/bin/../lib/gcc/powerpc-eabi/4.6.3/crtbegin.o
 .rela.text.GX_SetZCompLoc
                0x00000000        0x0 c:/devkitpro/devkitppc/bin/../lib/gcc/powerpc-eabi/4.6.3/crtbegin.o
 .rela.text.GX_SetPixelFmt
                0x00000000        0x0 c:/devkitpro/devkitppc/bin/../lib/gcc/powerpc-eabi/4.6.3/crtbegin.o
 .rela.text.GX_SetDither
                0x00000000        0x0 c:/devkitpro/devkitppc/bin/../lib/gcc/powerpc-eabi/4.6.3/crtbegin.o
 .rela.text.GX_SetDstAlpha
                0x00000000        0x0 c:/devkitpro/devkitppc/bin/../lib/gcc/powerpc-eabi/4.6.3/crtbegin.o
 .rela.text.GX_SetFieldMode
                0x00000000        0x0 c:/devkitpro/devkitppc/bin/../lib/gcc/powerpc-eabi/4.6.3/crtbegin.o
 .rela.text.GX_SetIndTexOrder
                0x00000000        0x0 c:/devkitpro/devkitppc/bin/../lib/gcc/powerpc-eabi/4.6.3/crtbegin.o
 .rela.text.GX_SetGPMetric
                0x00000000        0x0 c:/devkitpro/devkitppc/bin/../lib/gcc/powerpc-eabi/4.6.3/crtbegin.o
 .rela.text.GX_Init
                0x00000000        0x0 c:/devkitpro/devkitppc/bin/../lib/gcc/powerpc-eabi/4.6.3/crtbegin.o
 .rela.text.GX_ReadGPMetric
                0x00000000        0x0 c:/devkitpro/devkitppc/bin/../lib/gcc/powerpc-eabi/4.6.3/crtbegin.o
 .rela.text.c_decrementer_handler
                0x00000000        0x0 c:/devkitpro/devkitppc/bin/../lib/gcc/powerpc-eabi/4.6.3/crtbegin.o
 .rela.text.__lwp_mqbox_free
                0x00000000        0x0 c:/devkitpro/devkitppc/bin/../lib/gcc/powerpc-eabi/4.6.3/crtbegin.o
 .rela.text.__lwp_mqbox_open
                0x00000000        0x0 c:/devkitpro/devkitppc/bin/../lib/gcc/powerpc-eabi/4.6.3/crtbegin.o
 .rela.text.__lwp_mqbox_init
                0x00000000        0x0 c:/devkitpro/devkitppc/bin/../lib/gcc/powerpc-eabi/4.6.3/crtbegin.o
 .rela.text.MQ_Init
                0x00000000        0x0 c:/devkitpro/devkitppc/bin/../lib/gcc/powerpc-eabi/4.6.3/crtbegin.o
 .rela.text.__ios_ioctlvformat_parse
                0x00000000        0x0 c:/devkitpro/devkitppc/bin/../lib/gcc/powerpc-eabi/4.6.3/crtbegin.o
 .rela.text.__ioctlvfmtCB
                0x00000000        0x0 c:/devkitpro/devkitppc/bin/../lib/gcc/powerpc-eabi/4.6.3/crtbegin.o
 .rela.text.IOS_IoctlvFormat
                0x00000000        0x0 c:/devkitpro/devkitppc/bin/../lib/gcc/powerpc-eabi/4.6.3/crtbegin.o
 .rela.text.IOS_IoctlvFormatAsync
                0x00000000        0x0 c:/devkitpro/devkitppc/bin/../lib/gcc/powerpc-eabi/4.6.3/crtbegin.o
 .rela.text.nanosleep
                0x00000000        0x0 c:/devkitpro/devkitppc/bin/../lib/gcc/powerpc-eabi/4.6.3/crtbegin.o
 .rela.text.__libc_delete_hook
                0x00000000        0x0 c:/devkitpro/devkitppc/bin/../lib/gcc/powerpc-eabi/4.6.3/crtbegin.o
 .rela.text.__libc_init
                0x00000000        0x0 c:/devkitpro/devkitppc/bin/../lib/gcc/powerpc-eabi/4.6.3/crtbegin.o
 .rela.text.__libc_wrapup
                0x00000000        0x0 c:/devkitpro/devkitppc/bin/../lib/gcc/powerpc-eabi/4.6.3/crtbegin.o
 .rela.text.kprintf
                0x00000000        0x0 c:/devkitpro/devkitppc/bin/../lib/gcc/powerpc-eabi/4.6.3/crtbegin.o
 .rela.text.__CheckARGV
                0x00000000        0x0 c:/devkitpro/devkitppc/bin/../lib/gcc/powerpc-eabi/4.6.3/crtbegin.o
 .rela.text.__lwp_priority_init
                0x00000000        0x0 c:/devkitpro/devkitppc/bin/../lib/gcc/powerpc-eabi/4.6.3/crtbegin.o
 .rela.text.__lwp_wd_remove_ticks
                0x00000000        0x0 c:/devkitpro/devkitppc/bin/../lib/gcc/powerpc-eabi/4.6.3/crtbegin.o
 .rela.text.__lwp_threadqueue_enqueue
                0x00000000        0x0 c:/devkitpro/devkitppc/bin/../lib/gcc/powerpc-eabi/4.6.3/crtbegin.o
 .rela.text.__lwpmq_initialize
                0x00000000        0x0 c:/devkitpro/devkitppc/bin/../lib/gcc/powerpc-eabi/4.6.3/crtbegin.o
 .rela.text.__lwpmq_close
                0x00000000        0x0 c:/devkitpro/devkitppc/bin/../lib/gcc/powerpc-eabi/4.6.3/crtbegin.o
 .rela.text.__lwp_sema_open
                0x00000000        0x0 c:/devkitpro/devkitppc/bin/../lib/gcc/powerpc-eabi/4.6.3/crtbegin.o
 .rela.text.__lwp_sema_init
                0x00000000        0x0 c:/devkitpro/devkitppc/bin/../lib/gcc/powerpc-eabi/4.6.3/crtbegin.o
 .rela.text.LWP_SemInit
                0x00000000        0x0 c:/devkitpro/devkitppc/bin/../lib/gcc/powerpc-eabi/4.6.3/crtbegin.o
 .rela.text.LWP_SemDestroy
                0x00000000        0x0 c:/devkitpro/devkitppc/bin/../lib/gcc/powerpc-eabi/4.6.3/crtbegin.o
 .rela.text.__card_readcid
                0x00000000        0x0 c:/devkitpro/devkitppc/bin/../lib/gcc/powerpc-eabi/4.6.3/crtbegin.o
 .rela.text.__card_readcsd
                0x00000000        0x0 c:/devkitpro/devkitppc/bin/../lib/gcc/powerpc-eabi/4.6.3/crtbegin.o
 .rela.text.__card_sd_status
                0x00000000        0x0 c:/devkitpro/devkitppc/bin/../lib/gcc/powerpc-eabi/4.6.3/crtbegin.o
 .rela.text.sdgecko_initIO
                0x00000000        0x0 c:/devkitpro/devkitppc/bin/../lib/gcc/powerpc-eabi/4.6.3/crtbegin.o
 .rela.text.atangent
                0x00000000        0x0 c:/devkitpro/devkitppc/bin/../lib/gcc/powerpc-eabi/4.6.3/crtbegin.o
 .rela.text.atangentf
                0x00000000        0x0 c:/devkitpro/devkitppc/bin/../lib/gcc/powerpc-eabi/4.6.3/crtbegin.o
 .rela.text.sinef
                0x00000000        0x0 c:/devkitpro/devkitppc/bin/../lib/gcc/powerpc-eabi/4.6.3/crtbegin.o
 .rela.text.sqrtf
                0x00000000        0x0 c:/devkitpro/devkitppc/bin/../lib/gcc/powerpc-eabi/4.6.3/crtbegin.o
 .rela.text.calloc
                0x00000000        0x0 c:/devkitpro/devkitppc/bin/../lib/gcc/powerpc-eabi/4.6.3/crtbegin.o
 .rela.text.__errno
                0x00000000        0x0 c:/devkitpro/devkitppc/bin/../lib/gcc/powerpc-eabi/4.6.3/crtbegin.o
 .rela.text.exit
                0x00000000        0x0 c:/devkitpro/devkitppc/bin/../lib/gcc/powerpc-eabi/4.6.3/crtbegin.o
 .rela.text.fprintf
                0x00000000        0x0 c:/devkitpro/devkitppc/bin/../lib/gcc/powerpc-eabi/4.6.3/crtbegin.o
 .rela.text.fputs
                0x00000000        0x0 c:/devkitpro/devkitppc/bin/../lib/gcc/powerpc-eabi/4.6.3/crtbegin.o
 .rela.text._malloc_trim_r
                0x00000000        0x0 c:/devkitpro/devkitppc/bin/../lib/gcc/powerpc-eabi/4.6.3/crtbegin.o
 .rela.text._free_r
                0x00000000        0x0 c:/devkitpro/devkitppc/bin/../lib/gcc/powerpc-eabi/4.6.3/crtbegin.o
 .rela.text.loadlocale
                0x00000000        0x0 c:/devkitpro/devkitppc/bin/../lib/gcc/powerpc-eabi/4.6.3/crtbegin.o
 .rela.text._mbrtowc_r
                0x00000000        0x0 c:/devkitpro/devkitppc/bin/../lib/gcc/powerpc-eabi/4.6.3/crtbegin.o
 .rela.text.mbrtowc
                0x00000000        0x0 c:/devkitpro/devkitppc/bin/../lib/gcc/powerpc-eabi/4.6.3/crtbegin.o
 .rela.text.mktime
                0x00000000        0x0 c:/devkitpro/devkitppc/bin/../lib/gcc/powerpc-eabi/4.6.3/crtbegin.o
 .rela.text._mktm_r
                0x00000000        0x0 c:/devkitpro/devkitppc/bin/../lib/gcc/powerpc-eabi/4.6.3/crtbegin.o
 .rela.text.setvbuf
                0x00000000        0x0 c:/devkitpro/devkitppc/bin/../lib/gcc/powerpc-eabi/4.6.3/crtbegin.o
 .rela.text._wcrtomb_r
                0x00000000        0x0 c:/devkitpro/devkitppc/bin/../lib/gcc/powerpc-eabi/4.6.3/crtbegin.o
 .rela.text.wcrtomb
                0x00000000        0x0 c:/devkitpro/devkitppc/bin/../lib/gcc/powerpc-eabi/4.6.3/crtbegin.o
 .rela.text.wctob
                0x00000000        0x0 c:/devkitpro/devkitppc/bin/../lib/gcc/powerpc-eabi/4.6.3/crtbegin.o
 .rela.text.__call_exitprocs
                0x00000000        0x0 c:/devkitpro/devkitppc/bin/../lib/gcc/powerpc-eabi/4.6.3/crtbegin.o
 .rela.text._dtoa_r
                0x00000000        0x0 c:/devkitpro/devkitppc/bin/../lib/gcc/powerpc-eabi/4.6.3/crtbegin.o
 .rela.text._cleanup_r
                0x00000000        0x0 c:/devkitpro/devkitppc/bin/../lib/gcc/powerpc-eabi/4.6.3/crtbegin.o
 .rela.text.std.isra.0
                0x00000000        0x0 c:/devkitpro/devkitppc/bin/../lib/gcc/powerpc-eabi/4.6.3/crtbegin.o
 .rela.text._findenv_r
                0x00000000        0x0 c:/devkitpro/devkitppc/bin/../lib/gcc/powerpc-eabi/4.6.3/crtbegin.o
 .rela.text.__smakebuf_r
                0x00000000        0x0 c:/devkitpro/devkitppc/bin/../lib/gcc/powerpc-eabi/4.6.3/crtbegin.o

.rel.fini
 *(.rel.fini)

.rela.fini
 *(.rela.fini)

.rel.rodata
 *(.rel.rodata .rel.rodata.* .rel.gnu.linkonce.r.*)

.rela.rodata    0x80004194        0x0
 *(.rela.rodata .rela.rodata.* .rela.gnu.linkonce.r.*)
 .rela.rodata.dotab_fat
                0x00000000        0x0 c:/devkitpro/devkitppc/bin/../lib/gcc/powerpc-eabi/4.6.3/crtbegin.o

.rel.data
 *(.rel.data .rel.data.* .rel.gnu.linkonce.d.*)

.rela.data
 *(.rela.data .rela.data.* .rela.gnu.linkonce.d.*)

.rel.tdata
 *(.rel.tdata .rel.tdata.* .rel.gnu.linkonce.td.*)

.rela.tdata
 *(.rela.tdata .rela.tdata.* .rela.gnu.linkonce.td.*)

.rel.tbss
 *(.rel.tbss .rel.tbss.* .rel.gnu.linkonce.tb.*)

.rela.tbss
 *(.rela.tbss .rela.tbss.* .rela.gnu.linkonce.tb.*)

.rel.ctors
 *(.rel.ctors)

.rela.ctors
 *(.rela.ctors)

.rel.dtors
 *(.rel.dtors)

.rela.dtors
 *(.rela.dtors)

.rel.got
 *(.rel.got)

.rela.got
 *(.rela.got)

.rela.got1
 *(.rela.got1)

.rela.got2      0x80004194        0x0
 *(.rela.got2)
 .rela.got2     0x00000000        0x0 c:/devkitpro/devkitppc/bin/../lib/gcc/powerpc-eabi/4.6.3/crtbegin.o

.rel.sdata
 *(.rel.sdata .rel.sdata.* .rel.gnu.linkonce.s.*)

.rela.sdata
 *(.rela.sdata .rela.sdata.* .rela.gnu.linkonce.s.*)

.rel.sbss
 *(.rel.sbss .rel.sbss.* .rel.gnu.linkonce.sb.*)

.rela.sbss
 *(.rela.sbss .rela.sbss.* .rel.gnu.linkonce.sb.*)

.rel.sdata2
 *(.rel.sdata2 .rel.sdata2.* .rel.gnu.linkonce.s2.*)

.rela.sdata2
 *(.rela.sdata2 .rela.sdata2.* .rela.gnu.linkonce.s2.*)

.rel.sbss2
 *(.rel.sbss2 .rel.sbss2.* .rel.gnu.linkonce.sb2.*)

.rela.sbss2
 *(.rela.sbss2 .rela.sbss2.* .rela.gnu.linkonce.sb2.*)

.rel.bss
 *(.rel.bss .rel.bss.* .rel.gnu.linkonce.b.*)

.rela.bss
 *(.rela.bss .rela.bss.* .rela.gnu.linkonce.b.*)

.rel.plt
 *(.rel.plt)

.rela.plt
 *(.rela.plt)

.text           0x800041a0    0x37000
 *(.text)
 .text          0x800041a0      0x168 c:/devkitpro/devkitppc/bin/../lib/gcc/powerpc-eabi/4.6.3/crtbegin.o
 .text          0x80004308       0x44 c:/devkitpro/devkitppc/bin/../lib/gcc/powerpc-eabi/4.6.3/../../../../powerpc-eabi/lib/crtmain.o
                0x8000430c                __crtmain
 *fill*         0x8000434c       0x14 00000000
 .text          0x80004360      0x44c c:/devkitPro/libogc/lib/wii\libogc.a(lwp_handler.o)
                0x80004360                _cpu_context_save_fp
                0x800044a0                _cpu_context_restore_fp
                0x800045e0                _cpu_context_switch
                0x800046c0                _cpu_context_save
                0x80004740                _cpu_context_restore
 .text          0x800047ac      0x1ac c:/devkitPro/libogc/lib/wii\libogc.a(irq_handler.o)
                0x800047ac                irq_exceptionhandler
 .text          0x80004958      0x4f4 c:/devkitPro/libogc/lib/wii\libogc.a(cache_asm.o)
                0x80004958                DCFlashInvalidate
                0x8000496c                DCEnable
                0x80004980                DCDisable
                0x80004994                DCFreeze
                0x800049a8                DCUnfreeze
                0x800049bc                DCTouchLoad
                0x800049c4                DCBlockZero
                0x800049cc                DCBlockStore
                0x800049d4                DCBlockFlush
                0x800049dc                DCBlockInvalidate
                0x800049e4                DCInvalidateRange
                0x80004a14                DCFlushRange
                0x80004a48                DCStoreRange
                0x80004a7c                DCFlushRangeNoSync
                0x80004aac                DCStoreRangeNoSync
                0x80004adc                DCZeroRange
                0x80004b0c                DCTouchRange
                0x80004b3c                ICInvalidateRange
                0x80004b74                ICFlashInvalidate
                0x80004b88                ICEnable
                0x80004b9c                ICDisable
                0x80004bb0                ICFreeze
                0x80004bc4                ICUnfreeze
                0x80004bd8                ICBlockInvalidate
                0x80004be0                ICSync
                0x80004be8                L2Init
                0x80004c30                L2Enable
                0x80004c4c                L2Disable
                0x80004c64                L2GlobalInvalidate
                0x80004cbc                __LCEnable
                0x80004d88                LCDisable
                0x80004db0                LCAllocOneTag
                0x80004dc4                LCAllocTags
                0x80004e04                LCLoadBlocks
                0x80004e28                LCStoreBlocks
 .text          0x80004e4c      0x4a0 c:/devkitPro/libogc/lib/wii\libogc.a(system_asm.o)
                0x80004e4c                __realmode
                0x80004e64                __configBATS
                0x80004f94                __InitFPRS
                0x800050c0                __InitPS
                0x8000511c                __InitCache
                0x80005174                __InitSystem
                0x800051fc                __flush_cache
                0x80005230                __reset
                0x800052a0                __InitBATS
                0x800052bc                SYS_SwitchFiber
 .text          0x800052ec      0x1ac c:/devkitPro/libogc/lib/wii\libogc.a(decrementer_handler.o)
                0x800052ec                dec_exceptionhandler
 .text          0x80005498      0x35c c:/devkitPro/libogc/lib/wii\libogc.a(exception_handler.o)
                0x80005498                exceptionhandler_start
                0x80005514                exceptionhandler_patch
                0x80005548                exceptionhandler_end
                0x8000554c                default_exceptionhandler
                0x8000567c                fpu_exceptionhandler
                0x800057c4                systemcallhandler_start
                0x800057f0                systemcallhandler_end
 .text          0x800057f4       0x40 c:/devkitpro/devkitppc/bin/../lib/gcc/powerpc-eabi/4.6.3\libgcc.a(_ashldi3.o)
                0x800057f4                __ashldi3
 .text          0x80005834      0x448 c:/devkitpro/devkitppc/bin/../lib/gcc/powerpc-eabi/4.6.3\libgcc.a(_divdi3.o)
                0x80005834                __divdi3
 .text          0x80005c7c      0x400 c:/devkitpro/devkitppc/bin/../lib/gcc/powerpc-eabi/4.6.3\libgcc.a(_udivdi3.o)
                0x80005c7c                __udivdi3
 .text          0x8000607c      0x3d4 c:/devkitpro/devkitppc/bin/../lib/gcc/powerpc-eabi/4.6.3\libgcc.a(_umoddi3.o)
                0x8000607c                __umoddi3
 .text          0x80006450       0x48 c:/devkitpro/devkitppc/bin/../lib/gcc/powerpc-eabi/4.6.3\libgcc.a(eabi.o)
                0x80006450                __eabi
 .text          0x80006498       0x4c c:/devkitpro/devkitppc/bin/../lib/gcc/powerpc-eabi/4.6.3\libgcc.a(crtsavfpr.o)
                0x80006498                _savefpr_14
                0x8000649c                _savefpr_15
                0x800064a0                _savefpr_16
                0x800064a4                _savefpr_17
                0x800064a8                _savefpr_18
                0x800064ac                _savefpr_19
                0x800064b0                _savefpr_20
                0x800064b4                _savefpr_21
                0x800064b8                _savefpr_22
                0x800064bc                _savefpr_23
                0x800064c0                _savefpr_24
                0x800064c4                _savefpr_25
                0x800064c8                _savefpr_26
                0x800064cc                _savefpr_27
                0x800064d0                _savefpr_28
                0x800064d4                _savefpr_29
                0x800064d8                _savefpr_30
                0x800064dc                _savefpr_31
 .text          0x800064e4       0x4c c:/devkitpro/devkitppc/bin/../lib/gcc/powerpc-eabi/4.6.3\libgcc.a(crtsavgpr.o)
                0x800064e4                _savegpr_14
                0x800064e8                _savegpr_15
                0x800064ec                _savegpr_16
                0x800064f0                _savegpr_17
                0x800064f4                _savegpr_18
                0x800064f8                _savegpr_19
                0x800064fc                _savegpr_20
                0x80006500                _savegpr_21
                0x80006504                _savegpr_22
                0x80006508                _savegpr_23
                0x8000650c                _savegpr_24
                0x80006510                _savegpr_25
                0x80006514                _savegpr_26
                0x80006518                _savegpr_27
                0x8000651c                _savegpr_28
                0x80006520                _savegpr_29
                0x80006524                _savegpr_30
                0x80006528                _savegpr_31
 .text          0x80006530       0x4c c:/devkitpro/devkitppc/bin/../lib/gcc/powerpc-eabi/4.6.3\libgcc.a(crtresgpr.o)
                0x80006530                _restgpr_14
                0x80006534                _restgpr_15
                0x80006538                _restgpr_16
                0x8000653c                _restgpr_17
                0x80006540                _restgpr_18
                0x80006544                _restgpr_19
                0x80006548                _restgpr_20
                0x8000654c                _restgpr_21
                0x80006550                _restgpr_22
                0x80006554                _restgpr_23
                0x80006558                _restgpr_24
                0x8000655c                _restgpr_25
                0x80006560                _restgpr_26
                0x80006564                _restgpr_27
                0x80006568                _restgpr_28
                0x8000656c                _restgpr_29
                0x80006570                _restgpr_30
                0x80006574                _restgpr_31
 .text          0x8000657c       0x58 c:/devkitpro/devkitppc/bin/../lib/gcc/powerpc-eabi/4.6.3\libgcc.a(crtresxfpr.o)
                0x8000657c                _restfpr_14_x
                0x80006580                _restfpr_15_x
                0x80006584                _restfpr_16_x
                0x80006588                _restfpr_17_x
                0x8000658c                _restfpr_18_x
                0x80006590                _restfpr_19_x
                0x80006594                _restfpr_20_x
                0x80006598                _restfpr_21_x
                0x8000659c                _restfpr_22_x
                0x800065a0                _restfpr_23_x
                0x800065a4                _restfpr_24_x
                0x800065a8                _restfpr_25_x
                0x800065ac                _restfpr_26_x
                0x800065b0                _restfpr_27_x
                0x800065b4                _restfpr_28_x
                0x800065b8                _restfpr_29_x
                0x800065bc                _restfpr_30_x
                0x800065c0                _restfpr_31_x
 .text          0x800065d4       0x58 c:/devkitpro/devkitppc/bin/../lib/gcc/powerpc-eabi/4.6.3\libgcc.a(crtresxgpr.o)
                0x800065d4                _restgpr_14_x
                0x800065d8                _restgpr_15_x
                0x800065dc                _restgpr_16_x
                0x800065e0                _restgpr_17_x
                0x800065e4                _restgpr_18_x
                0x800065e8                _restgpr_19_x
                0x800065ec                _restgpr_20_x
                0x800065f0                _restgpr_21_x
                0x800065f4                _restgpr_22_x
                0x800065f8                _restgpr_23_x
                0x800065fc                _restgpr_24_x
                0x80006600                _restgpr_25_x
                0x80006604                _restgpr_26_x
                0x80006608                _restgpr_27_x
                0x8000660c                _restgpr_28_x
                0x80006610                _restgpr_29_x
                0x80006614                _restgpr_30_x
                0x80006618                _restgpr_31_x
 .text          0x8000662c       0x28 c:/devkitpro/devkitppc/bin/../lib/gcc/powerpc-eabi/4.6.3/../../../../powerpc-eabi/lib\libsysbase.a(abort.o)
                0x8000662c                abort
 .text          0x80006654      0x2ec c:/devkitpro/devkitppc/bin/../lib/gcc/powerpc-eabi/4.6.3/../../../../powerpc-eabi/lib\libsysbase.a(iosupport.o)
                0x80006654                setDefaultDevice
                0x8000666c                FindDevice
                0x80006790                RemoveDevice
                0x800067e0                AddDevice
                0x800068fc                GetDeviceOpTab
 .text          0x80006940       0x28 c:/devkitpro/devkitppc/bin/../lib/gcc/powerpc-eabi/4.6.3/../../../../powerpc-eabi/lib\libsysbase.a(_exit.o)
                0x80006940                _exit
 .text          0x80006968       0x90 c:/devkitpro/devkitppc/bin/../lib/gcc/powerpc-eabi/4.6.3/../../../../powerpc-eabi/lib\libsysbase.a(build_argv.o)
                0x80006968                build_argv
 .text          0x800069f8      0x168 c:/devkitpro/devkitppc/bin/../lib/gcc/powerpc-eabi/4.6.3/../../../../powerpc-eabi/lib\libsysbase.a(syscall_support.o)
                0x800069f8                __libc_lock_init
                0x80006a38                __libc_lock_close
                0x80006a78                __libc_lock_release
                0x80006ab8                __libc_lock_acquire
                0x80006af8                __malloc_lock
                0x80006b2c                __malloc_unlock
 .text          0x80006b60       0x98 c:/devkitpro/devkitppc/bin/../lib/gcc/powerpc-eabi/4.6.3/../../../../powerpc-eabi/lib\libsysbase.a(close.o)
                0x80006b60                _close_r
 .text          0x80006bf8       0xc8 c:/devkitpro/devkitppc/bin/../lib/gcc/powerpc-eabi/4.6.3/../../../../powerpc-eabi/lib\libsysbase.a(fstat.o)
                0x80006bf8                _fstat_r
 .text          0x80006cc0        0x8 c:/devkitpro/devkitppc/bin/../lib/gcc/powerpc-eabi/4.6.3/../../../../powerpc-eabi/lib\libsysbase.a(isatty.o)
                0x80006cc0                _isatty_r
 .text          0x80006cc8       0xcc c:/devkitpro/devkitppc/bin/../lib/gcc/powerpc-eabi/4.6.3/../../../../powerpc-eabi/lib\libsysbase.a(lseek.o)
                0x80006cc8                _lseek_r
 .text          0x80006d94       0xac c:/devkitpro/devkitppc/bin/../lib/gcc/powerpc-eabi/4.6.3/../../../../powerpc-eabi/lib\libsysbase.a(read.o)
                0x80006d94                _read_r
 .text          0x80006e40       0x50 c:/devkitpro/devkitppc/bin/../lib/gcc/powerpc-eabi/4.6.3/../../../../powerpc-eabi/lib\libsysbase.a(sbrk.o)
                0x80006e40                _sbrk_r
 .text          0x80006e90       0xac c:/devkitpro/devkitppc/bin/../lib/gcc/powerpc-eabi/4.6.3/../../../../powerpc-eabi/lib\libsysbase.a(write.o)
                0x80006e90                _write_r
 .text          0x80006f3c       0x6c c:/devkitpro/devkitppc/bin/../lib/gcc/powerpc-eabi/4.6.3/../../../../powerpc-eabi/lib\libsysbase.a(flock.o)
                0x80006f3c                __flockfile
                0x80006f84                __funlockfile
 .text          0x80006fa8      0x174 c:/devkitpro/devkitppc/bin/../lib/gcc/powerpc-eabi/4.6.3/../../../../powerpc-eabi/lib\libsysbase.a(handle_manager.o)
                0x80006fa8                __release_handle
                0x80007004                __alloc_handle
                0x800070f8                __get_handle
 .text          0x8000711c       0x6c c:/devkitpro/devkitppc/bin/../lib/gcc/powerpc-eabi/4.6.3/crtend.o
 *(.text.*)
 .text.startup.main
                0x80007188      0x1a8 main.o
                0x80007188                main
 .text.startup._GLOBAL__sub_I_pressed
                0x80007330       0x2c main.o
 .text.fatMount
                0x8000735c      0x120 c:/devkitPro/libogc/lib/wii\libfat.a(libfat.o)
                0x8000735c                fatMount
 .text.fatMountSimple
                0x8000747c       0x10 c:/devkitPro/libogc/lib/wii\libfat.a(libfat.o)
                0x8000747c                fatMountSimple
 .text.u8array_to_u16
                0x8000748c       0x18 c:/devkitPro/libogc/lib/wii\libfat.a(partition.o)
 .text.u8array_to_u32
                0x800074a4       0x30 c:/devkitPro/libogc/lib/wii\libfat.a(partition.o)
 .text.u32_to_u8array
                0x800074d4       0x20 c:/devkitPro/libogc/lib/wii\libfat.a(partition.o)
 .text.FindFirstValidPartition_buf
                0x800074f4      0x1ec c:/devkitPro/libogc/lib/wii\libfat.a(partition.o)
                0x800074f4                FindFirstValidPartition_buf
 .text._FAT_partition_getPartitionFromPath
                0x800076e0       0x34 c:/devkitPro/libogc/lib/wii\libfat.a(partition.o)
                0x800076e0                _FAT_partition_getPartitionFromPath
 .text._FAT_partition_createFSinfo
                0x80007714       0xec c:/devkitPro/libogc/lib/wii\libfat.a(partition.o)
                0x80007714                _FAT_partition_createFSinfo
 .text._FAT_partition_readFSinfo
                0x80007800       0xe0 c:/devkitPro/libogc/lib/wii\libfat.a(partition.o)
                0x80007800                _FAT_partition_readFSinfo
 .text._FAT_partition_constructor_buf
                0x800078e0      0x384 c:/devkitPro/libogc/lib/wii\libfat.a(partition.o)
                0x800078e0                _FAT_partition_constructor_buf
 .text._FAT_partition_constructor
                0x80007c64       0x68 c:/devkitPro/libogc/lib/wii\libfat.a(partition.o)
                0x80007c64                _FAT_partition_constructor
 .text._FAT_cache_getPage
                0x80007ccc      0x160 c:/devkitPro/libogc/lib/wii\libfat.a(cache.o)
 .text._FAT_cache_constructor
                0x80007e2c       0xd4 c:/devkitPro/libogc/lib/wii\libfat.a(cache.o)
                0x80007e2c                _FAT_cache_constructor
 .text._FAT_cache_readSectors
                0x80007f00       0xa0 c:/devkitPro/libogc/lib/wii\libfat.a(cache.o)
                0x80007f00                _FAT_cache_readSectors
 .text._FAT_cache_readPartialSector
                0x80007fa0       0x80 c:/devkitPro/libogc/lib/wii\libfat.a(cache.o)
                0x80007fa0                _FAT_cache_readPartialSector
 .text._FAT_cache_readLittleEndianValue
                0x80008020       0x98 c:/devkitPro/libogc/lib/wii\libfat.a(cache.o)
                0x80008020                _FAT_cache_readLittleEndianValue
 .text._FAT_cache_writePartialSector
                0x800080b8       0x88 c:/devkitPro/libogc/lib/wii\libfat.a(cache.o)
                0x800080b8                _FAT_cache_writePartialSector
 .text._FAT_cache_writeLittleEndianValue
                0x80008140       0x84 c:/devkitPro/libogc/lib/wii\libfat.a(cache.o)
                0x80008140                _FAT_cache_writeLittleEndianValue
 .text._FAT_cache_eraseWritePartialSector
                0x800081c4       0xa0 c:/devkitPro/libogc/lib/wii\libfat.a(cache.o)
                0x800081c4                _FAT_cache_eraseWritePartialSector
 .text._FAT_cache_writeSectors
                0x80008264       0xa8 c:/devkitPro/libogc/lib/wii\libfat.a(cache.o)
                0x80008264                _FAT_cache_writeSectors
 .text._FAT_cache_flush
                0x8000830c       0x8c c:/devkitPro/libogc/lib/wii\libfat.a(cache.o)
                0x8000830c                _FAT_cache_flush
 .text.u8array_to_u16
                0x80008398       0x18 c:/devkitPro/libogc/lib/wii\libfat.a(directory.o)
 .text.u16_to_u8array
                0x800083b0       0x10 c:/devkitPro/libogc/lib/wii\libfat.a(directory.o)
 .text._FAT_directory_entryGetAlias
                0x800083c0      0x124 c:/devkitPro/libogc/lib/wii\libfat.a(directory.o)
 .text._FAT_directory_mbsncasecmp
                0x800084e4       0xec c:/devkitPro/libogc/lib/wii\libfat.a(directory.o)
 .text._FAT_directory_incrementDirEntryPosition
                0x800085d0      0x104 c:/devkitPro/libogc/lib/wii\libfat.a(directory.o)
 .text._FAT_fat_clusterToSector
                0x800086d4       0x28 c:/devkitPro/libogc/lib/wii\libfat.a(directory.o)
 .text._FAT_directory_ucs2tombs.constprop.6
                0x800086fc       0xf8 c:/devkitPro/libogc/lib/wii\libfat.a(directory.o)
 .text._FAT_directory_entryGetCluster
                0x800087f4       0x54 c:/devkitPro/libogc/lib/wii\libfat.a(directory.o)
                0x800087f4                _FAT_directory_entryGetCluster
 .text._FAT_directory_getNextEntry
                0x80008848      0x294 c:/devkitPro/libogc/lib/wii\libfat.a(directory.o)
                0x80008848                _FAT_directory_getNextEntry
 .text._FAT_directory_getFirstEntry
                0x80008adc       0x28 c:/devkitPro/libogc/lib/wii\libfat.a(directory.o)
                0x80008adc                _FAT_directory_getFirstEntry
 .text._FAT_directory_entryExists
                0x80008b04       0xc4 c:/devkitPro/libogc/lib/wii\libfat.a(directory.o)
 .text._FAT_directory_getRootEntry
                0x80008bc8       0xa8 c:/devkitPro/libogc/lib/wii\libfat.a(directory.o)
                0x80008bc8                _FAT_directory_getRootEntry
 .text._FAT_directory_entryFromPosition
                0x80008c70      0x19c c:/devkitPro/libogc/lib/wii\libfat.a(directory.o)
                0x80008c70                _FAT_directory_entryFromPosition
 .text._FAT_directory_entryFromPath
                0x80008e0c      0x29c c:/devkitPro/libogc/lib/wii\libfat.a(directory.o)
                0x80008e0c                _FAT_directory_entryFromPath
 .text._FAT_directory_removeEntry
                0x800090a8       0xf0 c:/devkitPro/libogc/lib/wii\libfat.a(directory.o)
                0x800090a8                _FAT_directory_removeEntry
 .text._FAT_directory_addEntry
                0x80009198      0xa00 c:/devkitPro/libogc/lib/wii\libfat.a(directory.o)
                0x80009198                _FAT_directory_addEntry
 .text._FAT_directory_chdir
                0x80009b98       0x60 c:/devkitPro/libogc/lib/wii\libfat.a(directory.o)
                0x80009b98                _FAT_directory_chdir
 .text._FAT_directory_entryStat
                0x80009bf8      0x174 c:/devkitPro/libogc/lib/wii\libfat.a(directory.o)
                0x80009bf8                _FAT_directory_entryStat
 .text.u16_to_u8array
                0x80009d6c       0x10 c:/devkitPro/libogc/lib/wii\libfat.a(fatdir.o)
 .text._FAT_lock.isra.4
                0x80009d7c       0x20 c:/devkitPro/libogc/lib/wii\libfat.a(fatdir.o)
 .text._FAT_unlock.isra.5
                0x80009d9c       0x20 c:/devkitPro/libogc/lib/wii\libfat.a(fatdir.o)
 .text._FAT_stat_r
                0x80009dbc       0xc4 c:/devkitPro/libogc/lib/wii\libfat.a(fatdir.o)
                0x80009dbc                _FAT_stat_r
 .text._FAT_link_r
                0x80009e80       0x10 c:/devkitPro/libogc/lib/wii\libfat.a(fatdir.o)
                0x80009e80                _FAT_link_r
 .text._FAT_unlink_r
                0x80009e90      0x1cc c:/devkitPro/libogc/lib/wii\libfat.a(fatdir.o)
                0x80009e90                _FAT_unlink_r
 .text._FAT_chdir_r
                0x8000a05c       0xa0 c:/devkitPro/libogc/lib/wii\libfat.a(fatdir.o)
                0x8000a05c                _FAT_chdir_r
 .text._FAT_rename_r
                0x8000a0fc      0x238 c:/devkitPro/libogc/lib/wii\libfat.a(fatdir.o)
                0x8000a0fc                _FAT_rename_r
 .text._FAT_mkdir_r
                0x8000a334      0x358 c:/devkitPro/libogc/lib/wii\libfat.a(fatdir.o)
                0x8000a334                _FAT_mkdir_r
 .text._FAT_statvfs_r
                0x8000a68c       0xe0 c:/devkitPro/libogc/lib/wii\libfat.a(fatdir.o)
                0x8000a68c                _FAT_statvfs_r
 .text._FAT_diropen_r
                0x8000a76c      0x10c c:/devkitPro/libogc/lib/wii\libfat.a(fatdir.o)
                0x8000a76c                _FAT_diropen_r
 .text._FAT_dirreset_r
                0x8000a878       0x74 c:/devkitPro/libogc/lib/wii\libfat.a(fatdir.o)
                0x8000a878                _FAT_dirreset_r
 .text._FAT_dirnext_r
                0x8000a8ec       0xc4 c:/devkitPro/libogc/lib/wii\libfat.a(fatdir.o)
                0x8000a8ec                _FAT_dirnext_r
 .text._FAT_dirclose_r
                0x8000a9b0       0x44 c:/devkitPro/libogc/lib/wii\libfat.a(fatdir.o)
                0x8000a9b0                _FAT_dirclose_r
 .text.u16_to_u8array
                0x8000a9f4       0x10 c:/devkitPro/libogc/lib/wii\libfat.a(fatfile.o)
 .text._FAT_fat_clusterToSector
                0x8000aa04       0x28 c:/devkitPro/libogc/lib/wii\libfat.a(fatfile.o)
 .text._FAT_lock.isra.4
                0x8000aa2c       0x20 c:/devkitPro/libogc/lib/wii\libfat.a(fatfile.o)
 .text._FAT_unlock.isra.5
                0x8000aa4c       0x20 c:/devkitPro/libogc/lib/wii\libfat.a(fatfile.o)
 .text._FAT_check_position_for_next_cluster.isra.6
                0x8000aa6c       0xf0 c:/devkitPro/libogc/lib/wii\libfat.a(fatfile.o)
 .text._FAT_file_extend_r
                0x8000ab5c      0x2c0 c:/devkitPro/libogc/lib/wii\libfat.a(fatfile.o)
 .text._FAT_open_r
                0x8000ae1c      0x3f4 c:/devkitPro/libogc/lib/wii\libfat.a(fatfile.o)
                0x8000ae1c                _FAT_open_r
 .text._FAT_syncToDisc
                0x8000b210      0x158 c:/devkitPro/libogc/lib/wii\libfat.a(fatfile.o)
                0x8000b210                _FAT_syncToDisc
 .text._FAT_close_r
                0x8000b368       0xc0 c:/devkitPro/libogc/lib/wii\libfat.a(fatfile.o)
                0x8000b368                _FAT_close_r
 .text._FAT_read_r
                0x8000b428      0x3e4 c:/devkitPro/libogc/lib/wii\libfat.a(fatfile.o)
                0x8000b428                _FAT_read_r
 .text._FAT_write_r
                0x8000b80c      0x564 c:/devkitPro/libogc/lib/wii\libfat.a(fatfile.o)
                0x8000b80c                _FAT_write_r
 .text._FAT_seek_r
                0x8000bd70      0x1f8 c:/devkitPro/libogc/lib/wii\libfat.a(fatfile.o)
                0x8000bd70                _FAT_seek_r
 .text._FAT_fstat_r
                0x8000bf68       0xc8 c:/devkitPro/libogc/lib/wii\libfat.a(fatfile.o)
                0x8000bf68                _FAT_fstat_r
 .text._FAT_ftruncate_r
                0x8000c030      0x1f0 c:/devkitPro/libogc/lib/wii\libfat.a(fatfile.o)
                0x8000c030                _FAT_ftruncate_r
 .text._FAT_fsync_r
                0x8000c220       0x70 c:/devkitPro/libogc/lib/wii\libfat.a(fatfile.o)
                0x8000c220                _FAT_fsync_r
 .text._FAT_fat_writeFatEntry
                0x8000c290      0x1c0 c:/devkitPro/libogc/lib/wii\libfat.a(file_allocation_table.o)
 .text._FAT_fat_nextCluster
                0x8000c450      0x190 c:/devkitPro/libogc/lib/wii\libfat.a(file_allocation_table.o)
                0x8000c450                _FAT_fat_nextCluster
 .text._FAT_fat_linkFreeCluster
                0x8000c5e0       0xe8 c:/devkitPro/libogc/lib/wii\libfat.a(file_allocation_table.o)
                0x8000c5e0                _FAT_fat_linkFreeCluster
 .text._FAT_fat_linkFreeClusterCleared
                0x8000c6c8       0xc0 c:/devkitPro/libogc/lib/wii\libfat.a(file_allocation_table.o)
                0x8000c6c8                _FAT_fat_linkFreeClusterCleared
 .text._FAT_fat_clearLinks
                0x8000c788       0xb8 c:/devkitPro/libogc/lib/wii\libfat.a(file_allocation_table.o)
                0x8000c788                _FAT_fat_clearLinks
 .text._FAT_fat_trimChain
                0x8000c840       0xb4 c:/devkitPro/libogc/lib/wii\libfat.a(file_allocation_table.o)
                0x8000c840                _FAT_fat_trimChain
 .text._FAT_fat_lastCluster
                0x8000c8f4       0x68 c:/devkitPro/libogc/lib/wii\libfat.a(file_allocation_table.o)
                0x8000c8f4                _FAT_fat_lastCluster
 .text._FAT_fat_freeClusterCount
                0x8000c95c       0x54 c:/devkitPro/libogc/lib/wii\libfat.a(file_allocation_table.o)
                0x8000c95c                _FAT_fat_freeClusterCount
 .text._FAT_filetime_getTimeFromRTC
                0x8000c9b0       0x7c c:/devkitPro/libogc/lib/wii\libfat.a(filetime.o)
                0x8000c9b0                _FAT_filetime_getTimeFromRTC
 .text._FAT_filetime_getDateFromRTC
                0x8000ca2c       0x7c c:/devkitPro/libogc/lib/wii\libfat.a(filetime.o)
                0x8000ca2c                _FAT_filetime_getDateFromRTC
 .text._FAT_filetime_to_time_t
                0x8000caa8       0x64 c:/devkitPro/libogc/lib/wii\libfat.a(filetime.o)
                0x8000caa8                _FAT_filetime_to_time_t
 .text.__wpad_assign_slot
                0x8000cb0c      0x220 c:/devkitPro/libogc/lib/wii\libwiiuse.a(wpad.o)
                0x8000cb0c                __wpad_assign_slot
 .text.__wpad_def_powcb
                0x8000cd2c       0x20 c:/devkitPro/libogc/lib/wii\libwiiuse.a(wpad.o)
 .text.__wpad_setfmt
                0x8000cd4c       0xf0 c:/devkitPro/libogc/lib/wii\libwiiuse.a(wpad.o)
 .text.__readlinkkey_finished
                0x8000ce3c       0x30 c:/devkitPro/libogc/lib/wii\libwiiuse.a(wpad.o)
 .text.__wpad_patch_finished
                0x8000ce6c       0x2c c:/devkitPro/libogc/lib/wii\libwiiuse.a(wpad.o)
 .text.__wpad_eventCB
                0x8000ce98      0x958 c:/devkitPro/libogc/lib/wii\libwiiuse.a(wpad.o)
 .text.__wpad_disconnectCB
                0x8000d7f0       0xe8 c:/devkitPro/libogc/lib/wii\libwiiuse.a(wpad.o)
                0x8000d7f0                __wpad_disconnectCB
 .text.__wpad_timeouthandler
                0x8000d8d8       0x98 c:/devkitPro/libogc/lib/wii\libwiiuse.a(wpad.o)
 .text.__initcore_finished
                0x8000d970       0x40 c:/devkitPro/libogc/lib/wii\libwiiuse.a(wpad.o)
 .text.__wpad_init_finished
                0x8000d9b0      0x134 c:/devkitPro/libogc/lib/wii\libwiiuse.a(wpad.o)
 .text.WPAD_ReadEvent
                0x8000dae4      0x580 c:/devkitPro/libogc/lib/wii\libwiiuse.a(wpad.o)
                0x8000dae4                WPAD_ReadEvent
 .text.WPAD_ReadPending
                0x8000e064      0x10c c:/devkitPro/libogc/lib/wii\libwiiuse.a(wpad.o)
                0x8000e064                WPAD_ReadPending
 .text.WPAD_Shutdown
                0x8000e170       0xdc c:/devkitPro/libogc/lib/wii\libwiiuse.a(wpad.o)
                0x8000e170                WPAD_Shutdown
 .text.WPAD_Init
                0x8000e24c      0x240 c:/devkitPro/libogc/lib/wii\libwiiuse.a(wpad.o)
                0x8000e24c                WPAD_Init
 .text.__wpad_onreset
                0x8000e48c       0x2c c:/devkitPro/libogc/lib/wii\libwiiuse.a(wpad.o)
 .text.WPAD_ScanPads
                0x8000e4b8        0xc c:/devkitPro/libogc/lib/wii\libwiiuse.a(wpad.o)
                0x8000e4b8                WPAD_ScanPads
 .text.WPAD_ButtonsDown
                0x8000e4c4       0x28 c:/devkitPro/libogc/lib/wii\libwiiuse.a(wpad.o)
                0x8000e4c4                WPAD_ButtonsDown
 .text.motion_plus_disconnected
                0x8000e4ec       0x10 c:/devkitPro/libogc/lib/wii\libwiiuse.a(motion_plus.o)
                0x8000e4ec                motion_plus_disconnected
 .text.motion_plus_event
                0x8000e4fc       0x64 c:/devkitPro/libogc/lib/wii\libwiiuse.a(motion_plus.o)
                0x8000e4fc                motion_plus_event
 .text.calculate_gforce
                0x8000e560      0x114 c:/devkitPro/libogc/lib/wii\libwiiuse.a(dynamics.o)
                0x8000e560                calculate_gforce
 .text.calc_joystick_state
                0x8000e674      0x21c c:/devkitPro/libogc/lib/wii\libwiiuse.a(dynamics.o)
                0x8000e674                calc_joystick_state
 .text.apply_smoothing
                0x8000e890      0x148 c:/devkitPro/libogc/lib/wii\libwiiuse.a(dynamics.o)
                0x8000e890                apply_smoothing
 .text.calculate_orientation
                0x8000e9d8      0x29c c:/devkitPro/libogc/lib/wii\libwiiuse.a(dynamics.o)
                0x8000e9d8                calculate_orientation
 .text.calc_balanceboard_state
                0x8000ec74      0x36c c:/devkitPro/libogc/lib/wii\libwiiuse.a(dynamics.o)
                0x8000ec74                calc_balanceboard_state
 .text.wiiuse_handshake_expansion
                0x8000efe0      0x1d4 c:/devkitPro/libogc/lib/wii\libwiiuse.a(io.o)
                0x8000efe0                wiiuse_handshake_expansion
 .text.wiiuse_handshake
                0x8000f1b4      0x150 c:/devkitPro/libogc/lib/wii\libwiiuse.a(io.o)
                0x8000f1b4                wiiuse_handshake
 .text.wiiuse_handshake_expansion_start
                0x8000f304       0x24 c:/devkitPro/libogc/lib/wii\libwiiuse.a(io.o)
                0x8000f304                wiiuse_handshake_expansion_start
 .text.wiiuse_disable_expansion
                0x8000f328       0xc0 c:/devkitPro/libogc/lib/wii\libwiiuse.a(io.o)
                0x8000f328                wiiuse_disable_expansion
 .text.__wiiuse_disconnected
                0x8000f3e8       0x90 c:/devkitPro/libogc/lib/wii\libwiiuse.a(io_wii.o)
 .text.__wiiuse_receive
                0x8000f478       0x8c c:/devkitPro/libogc/lib/wii\libwiiuse.a(io_wii.o)
 .text.__wiiuse_connected
                0x8000f504       0x7c c:/devkitPro/libogc/lib/wii\libwiiuse.a(io_wii.o)
 .text.__wiiuse_sensorbar_enable
                0x8000f580       0x48 c:/devkitPro/libogc/lib/wii\libwiiuse.a(io_wii.o)
                0x8000f580                __wiiuse_sensorbar_enable
 .text.wiiuse_register
                0x8000f5c8       0xa4 c:/devkitPro/libogc/lib/wii\libwiiuse.a(io_wii.o)
                0x8000f5c8                wiiuse_register
 .text.wiiuse_disconnect
                0x8000f66c       0x40 c:/devkitPro/libogc/lib/wii\libwiiuse.a(io_wii.o)
                0x8000f66c                wiiuse_disconnect
 .text.wiiuse_init_cmd_queue
                0x8000f6ac       0x84 c:/devkitPro/libogc/lib/wii\libwiiuse.a(io_wii.o)
                0x8000f6ac                wiiuse_init_cmd_queue
 .text.wiiuse_io_write
                0x8000f730       0x38 c:/devkitPro/libogc/lib/wii\libwiiuse.a(io_wii.o)
                0x8000f730                wiiuse_io_write
 .text.get_ir_sens.isra.0
                0x8000f768       0xe8 c:/devkitPro/libogc/lib/wii\libwiiuse.a(ir.o)
 .text.rotate_dots
                0x8000f850      0x110 c:/devkitPro/libogc/lib/wii\libwiiuse.a(ir.o)
 .text.wiiuse_set_ir_mode
                0x8000f960       0x60 c:/devkitPro/libogc/lib/wii\libwiiuse.a(ir.o)
                0x8000f960                wiiuse_set_ir_mode
 .text.wiiuse_set_ir
                0x8000f9c0      0x190 c:/devkitPro/libogc/lib/wii\libwiiuse.a(ir.o)
                0x8000f9c0                wiiuse_set_ir
 .text.wiiuse_set_ir_position
                0x8000fb50       0x78 c:/devkitPro/libogc/lib/wii\libwiiuse.a(ir.o)
                0x8000fb50                wiiuse_set_ir_position
 .text.wiiuse_set_aspect_ratio
                0x8000fbc8       0x3c c:/devkitPro/libogc/lib/wii\libwiiuse.a(ir.o)
                0x8000fbc8                wiiuse_set_aspect_ratio
 .text.wiiuse_set_ir_sensitivity
                0x8000fc04       0xf8 c:/devkitPro/libogc/lib/wii\libwiiuse.a(ir.o)
                0x8000fc04                wiiuse_set_ir_sensitivity
 .text.calculate_basic_ir
                0x8000fcfc       0xfc c:/devkitPro/libogc/lib/wii\libwiiuse.a(ir.o)
                0x8000fcfc                calculate_basic_ir
 .text.calculate_extended_ir
                0x8000fdf8       0x7c c:/devkitPro/libogc/lib/wii\libwiiuse.a(ir.o)
                0x8000fdf8                calculate_extended_ir
 .text.find_sensorbar
                0x8000fe74      0x7fc c:/devkitPro/libogc/lib/wii\libwiiuse.a(ir.o)
                0x8000fe74                find_sensorbar
 .text.apply_ir_smoothing
                0x80010670       0xd4 c:/devkitPro/libogc/lib/wii\libwiiuse.a(ir.o)
                0x80010670                apply_ir_smoothing
 .text.calc_yaw
                0x80010744       0x54 c:/devkitPro/libogc/lib/wii\libwiiuse.a(ir.o)
                0x80010744                calc_yaw
 .text.interpret_ir_data
                0x80010798      0x370 c:/devkitPro/libogc/lib/wii\libwiiuse.a(ir.o)
                0x80010798                interpret_ir_data
 .text.nunchuk_handshake
                0x80010b08      0x228 c:/devkitPro/libogc/lib/wii\libwiiuse.a(nunchuk.o)
                0x80010b08                nunchuk_handshake
 .text.nunchuk_disconnected
                0x80010d30       0x28 c:/devkitPro/libogc/lib/wii\libwiiuse.a(nunchuk.o)
                0x80010d30                nunchuk_disconnected
 .text.nunchuk_event
                0x80010d58       0xe4 c:/devkitPro/libogc/lib/wii\libwiiuse.a(nunchuk.o)
                0x80010d58                nunchuk_event
 .text.wii_board_handshake
                0x80010e3c      0x170 c:/devkitPro/libogc/lib/wii\libwiiuse.a(wiiboard.o)
                0x80010e3c                wii_board_handshake
 .text.wii_board_disconnected
                0x80010fac       0x28 c:/devkitPro/libogc/lib/wii\libwiiuse.a(wiiboard.o)
                0x80010fac                wii_board_disconnected
 .text.wii_board_event
                0x80010fd4       0x54 c:/devkitPro/libogc/lib/wii\libwiiuse.a(wiiboard.o)
                0x80010fd4                wii_board_event
 .text.wiiuse_send_next_command
                0x80011028       0x6c c:/devkitPro/libogc/lib/wii\libwiiuse.a(wiiuse.o)
                0x80011028                wiiuse_send_next_command
 .text.__wiiuse_push_command
                0x80011094       0x94 c:/devkitPro/libogc/lib/wii\libwiiuse.a(wiiuse.o)
 .text.wiiuse_init
                0x80011128      0x154 c:/devkitPro/libogc/lib/wii\libwiiuse.a(wiiuse.o)
                0x80011128                wiiuse_init
 .text.wiiuse_set_flags
                0x8001127c       0x24 c:/devkitPro/libogc/lib/wii\libwiiuse.a(wiiuse.o)
                0x8001127c                wiiuse_set_flags
 .text.wiiuse_read_data
                0x800112a0       0x94 c:/devkitPro/libogc/lib/wii\libwiiuse.a(wiiuse.o)
                0x800112a0                wiiuse_read_data
 .text.wiiuse_write_data
                0x80011334       0xc0 c:/devkitPro/libogc/lib/wii\libwiiuse.a(wiiuse.o)
                0x80011334                wiiuse_write_data
 .text.wiiuse_sendcmd
                0x800113f4       0x90 c:/devkitPro/libogc/lib/wii\libwiiuse.a(wiiuse.o)
                0x800113f4                wiiuse_sendcmd
 .text.wiiuse_status
                0x80011484       0x4c c:/devkitPro/libogc/lib/wii\libwiiuse.a(wiiuse.o)
                0x80011484                wiiuse_status
 .text.wiiuse_motion_sensing
                0x800114d0       0x3c c:/devkitPro/libogc/lib/wii\libwiiuse.a(wiiuse.o)
                0x800114d0                wiiuse_motion_sensing
 .text.wiiuse_set_report_type
                0x8001150c       0xd0 c:/devkitPro/libogc/lib/wii\libwiiuse.a(wiiuse.o)
                0x8001150c                wiiuse_set_report_type
 .text.wiiuse_set_leds
                0x800115dc       0x50 c:/devkitPro/libogc/lib/wii\libwiiuse.a(wiiuse.o)
                0x800115dc                wiiuse_set_leds
 .text.wiiuse_set_speaker
                0x8001162c      0x1e4 c:/devkitPro/libogc/lib/wii\libwiiuse.a(speaker.o)
                0x8001162c                wiiuse_set_speaker
 .text.classic_ctrl_handshake
                0x80011810      0x188 c:/devkitPro/libogc/lib/wii\libwiiuse.a(classic.o)
                0x80011810                classic_ctrl_handshake
 .text.classic_ctrl_disconnected
                0x80011998       0x28 c:/devkitPro/libogc/lib/wii\libwiiuse.a(classic.o)
                0x80011998                classic_ctrl_disconnected
 .text.classic_ctrl_event
                0x800119c0       0xa4 c:/devkitPro/libogc/lib/wii\libwiiuse.a(classic.o)
                0x800119c0                classic_ctrl_event
 .text.handle_expansion
                0x80011a64       0x70 c:/devkitPro/libogc/lib/wii\libwiiuse.a(events.o)
 .text.wiiuse_pressed_buttons
                0x80011ad4       0x2c c:/devkitPro/libogc/lib/wii\libwiiuse.a(events.o)
                0x80011ad4                wiiuse_pressed_buttons
 .text.parse_event
                0x80011b00      0x540 c:/devkitPro/libogc/lib/wii\libwiiuse.a(events.o)
                0x80011b00                parse_event
 .text.guitar_hero_3_handshake
                0x80012040       0x68 c:/devkitPro/libogc/lib/wii\libwiiuse.a(guitar_hero_3.o)
                0x80012040                guitar_hero_3_handshake
 .text.guitar_hero_3_disconnected
                0x800120a8       0x28 c:/devkitPro/libogc/lib/wii\libwiiuse.a(guitar_hero_3.o)
                0x800120a8                guitar_hero_3_disconnected
 .text.guitar_hero_3_event
                0x800120d0       0x68 c:/devkitPro/libogc/lib/wii\libwiiuse.a(guitar_hero_3.o)
                0x800120d0                guitar_hero_3_event
 .text.acl_wlp_completed
                0x80012138        0x8 c:/devkitPro/libogc/lib/wii\libbte.a(bte.o)
                0x80012138                acl_wlp_completed
 .text.__bte_cmdfinish
                0x80012140       0x9c c:/devkitPro/libogc/lib/wii\libbte.a(bte.o)
 .text.bte_hci_initsub_complete
                0x800121dc      0x12c c:/devkitPro/libogc/lib/wii\libbte.a(bte.o)
                0x800121dc                bte_hci_initsub_complete
 .text.bte_hci_initcore_complete2
                0x80012308       0xf0 c:/devkitPro/libogc/lib/wii\libbte.a(bte.o)
                0x80012308                bte_hci_initcore_complete2
 .text.bte_hci_patch_complete
                0x800123f8      0x1b0 c:/devkitPro/libogc/lib/wii\libbte.a(bte.o)
                0x800123f8                bte_hci_patch_complete
 .text.bte_hci_apply_patch_complete
                0x800125a8       0xa8 c:/devkitPro/libogc/lib/wii\libbte.a(bte.o)
                0x800125a8                bte_hci_apply_patch_complete
 .text.bte_hci_initcore_complete
                0x80012650      0x158 c:/devkitPro/libogc/lib/wii\libbte.a(bte.o)
                0x80012650                bte_hci_initcore_complete
 .text.__bte_close_ctrl_queue
                0x800127a8       0x80 c:/devkitPro/libogc/lib/wii\libbte.a(bte.o)
 .text.__bte_send_pending_request
                0x80012828       0xb8 c:/devkitPro/libogc/lib/wii\libbte.a(bte.o)
 .text.l2cap_disconnect_cfm
                0x800128e0       0xe0 c:/devkitPro/libogc/lib/wii\libbte.a(bte.o)
                0x800128e0                l2cap_disconnect_cfm
 .text.acl_conn_complete
                0x800129c0       0x2c c:/devkitPro/libogc/lib/wii\libbte.a(bte.o)
                0x800129c0                acl_conn_complete
 .text.__bte_shutdown_finished
                0x800129ec       0x5c c:/devkitPro/libogc/lib/wii\libbte.a(bte.o)
 .text.bt_alarmhandler
                0x80012a48       0x60 c:/devkitPro/libogc/lib/wii\libbte.a(bte.o)
 .text.bte_read_stored_link_key_complete
                0x80012aa8      0x108 c:/devkitPro/libogc/lib/wii\libbte.a(bte.o)
                0x80012aa8                bte_read_stored_link_key_complete
 .text.l2cap_accepted
                0x80012bb0       0xd8 c:/devkitPro/libogc/lib/wii\libbte.a(bte.o)
                0x80012bb0                l2cap_accepted
 .text.l2cap_disconnected_ind
                0x80012c88       0xb8 c:/devkitPro/libogc/lib/wii\libbte.a(bte.o)
                0x80012c88                l2cap_disconnected_ind
 .text.bte_process_input
                0x80012d40       0xf4 c:/devkitPro/libogc/lib/wii\libbte.a(bte.o)
 .text.__bte_waitcmdfinish.constprop.6
                0x80012e34       0x78 c:/devkitPro/libogc/lib/wii\libbte.a(bte.o)
 .text.BTE_Init
                0x80012eac      0x108 c:/devkitPro/libogc/lib/wii\libbte.a(bte.o)
                0x80012eac                BTE_Init
 .text.BTE_Shutdown
                0x80012fb4       0x94 c:/devkitPro/libogc/lib/wii\libbte.a(bte.o)
                0x80012fb4                BTE_Shutdown
 .text.BTE_InitCore
                0x80013048       0x7c c:/devkitPro/libogc/lib/wii\libbte.a(bte.o)
                0x80013048                BTE_InitCore
 .text.BTE_ApplyPatch
                0x800130c4       0x98 c:/devkitPro/libogc/lib/wii\libbte.a(bte.o)
                0x800130c4                BTE_ApplyPatch
 .text.BTE_InitSub
                0x8001315c       0x80 c:/devkitPro/libogc/lib/wii\libbte.a(bte.o)
                0x8001315c                BTE_InitSub
 .text.BTE_ReadStoredLinkKey
                0x800131dc       0x80 c:/devkitPro/libogc/lib/wii\libbte.a(bte.o)
                0x800131dc                BTE_ReadStoredLinkKey
 .text.BTE_SetDisconnectCallback
                0x8001325c       0x20 c:/devkitPro/libogc/lib/wii\libbte.a(bte.o)
                0x8001325c                BTE_SetDisconnectCallback
 .text.bte_new  0x8001327c       0x4c c:/devkitPro/libogc/lib/wii\libbte.a(bte.o)
                0x8001327c                bte_new
 .text.bte_registerdeviceasync
                0x800132c8      0x124 c:/devkitPro/libogc/lib/wii\libbte.a(bte.o)
                0x800132c8                bte_registerdeviceasync
 .text.bte_disconnect
                0x800133ec       0x9c c:/devkitPro/libogc/lib/wii\libbte.a(bte.o)
                0x800133ec                bte_disconnect
 .text.bte_senddata
                0x80013488       0xb0 c:/devkitPro/libogc/lib/wii\libbte.a(bte.o)
                0x80013488                bte_senddata
 .text.bte_arg  0x80013538       0x3c c:/devkitPro/libogc/lib/wii\libbte.a(bte.o)
                0x80013538                bte_arg
 .text.bte_received
                0x80013574       0x3c c:/devkitPro/libogc/lib/wii\libbte.a(bte.o)
                0x80013574                bte_received
 .text.bte_disconnected
                0x800135b0       0x3c c:/devkitPro/libogc/lib/wii\libbte.a(bte.o)
                0x800135b0                bte_disconnected
 .text.hci_init
                0x800135ec       0x78 c:/devkitPro/libogc/lib/wii\libbte.a(hci.o)
                0x800135ec                hci_init
 .text.hci_new  0x80013664       0x3c c:/devkitPro/libogc/lib/wii\libbte.a(hci.o)
                0x80013664                hci_new
 .text.hci_get_link
                0x800136a0       0x7c c:/devkitPro/libogc/lib/wii\libbte.a(hci.o)
                0x800136a0                hci_get_link
 .text.hci_close
                0x8001371c       0xcc c:/devkitPro/libogc/lib/wii\libbte.a(hci.o)
                0x8001371c                hci_close
 .text.hci_reset_all
                0x800137e8       0x9c c:/devkitPro/libogc/lib/wii\libbte.a(hci.o)
                0x800137e8                hci_reset_all
 .text.hci_arg  0x80013884        0xc c:/devkitPro/libogc/lib/wii\libbte.a(hci.o)
                0x80013884                hci_arg
 .text.hci_cmd_complete
                0x80013890        0xc c:/devkitPro/libogc/lib/wii\libbte.a(hci.o)
                0x80013890                hci_cmd_complete
 .text.hci_connection_complete
                0x8001389c        0xc c:/devkitPro/libogc/lib/wii\libbte.a(hci.o)
                0x8001389c                hci_connection_complete
 .text.hci_wlp_complete
                0x800138a8        0xc c:/devkitPro/libogc/lib/wii\libbte.a(hci.o)
                0x800138a8                hci_wlp_complete
 .text.hci_cmd_ass
                0x800138b4       0x48 c:/devkitPro/libogc/lib/wii\libbte.a(hci.o)
                0x800138b4                hci_cmd_ass
 .text.hci_reset
                0x800138fc       0x64 c:/devkitPro/libogc/lib/wii\libbte.a(hci.o)
                0x800138fc                hci_reset
 .text.hci_read_buffer_size
                0x80013960       0x64 c:/devkitPro/libogc/lib/wii\libbte.a(hci.o)
                0x80013960                hci_read_buffer_size
 .text.hci_read_bd_addr
                0x800139c4       0x64 c:/devkitPro/libogc/lib/wii\libbte.a(hci.o)
                0x800139c4                hci_read_bd_addr
 .text.hci_read_local_version
                0x80013a28       0x64 c:/devkitPro/libogc/lib/wii\libbte.a(hci.o)
                0x80013a28                hci_read_local_version
 .text.hci_read_local_features
                0x80013a8c       0x64 c:/devkitPro/libogc/lib/wii\libbte.a(hci.o)
                0x80013a8c                hci_read_local_features
 .text.hci_read_stored_link_key
                0x80013af0       0xac c:/devkitPro/libogc/lib/wii\libbte.a(hci.o)
                0x80013af0                hci_read_stored_link_key
 .text.hci_write_page_timeout
                0x80013b9c       0x7c c:/devkitPro/libogc/lib/wii\libbte.a(hci.o)
                0x80013b9c                hci_write_page_timeout
 .text.hci_write_scan_enable
                0x80013c18       0x6c c:/devkitPro/libogc/lib/wii\libbte.a(hci.o)
                0x80013c18                hci_write_scan_enable
 .text.hci_accecpt_conn_request
                0x80013c84       0x80 c:/devkitPro/libogc/lib/wii\libbte.a(hci.o)
                0x80013c84                hci_accecpt_conn_request
 .text.hci_write_local_name
                0x80013d04       0x80 c:/devkitPro/libogc/lib/wii\libbte.a(hci.o)
                0x80013d04                hci_write_local_name
 .text.hci_write_pin_type
                0x80013d84       0x6c c:/devkitPro/libogc/lib/wii\libbte.a(hci.o)
                0x80013d84                hci_write_pin_type
 .text.hci_write_inquiry_mode
                0x80013df0       0x6c c:/devkitPro/libogc/lib/wii\libbte.a(hci.o)
                0x80013df0                hci_write_inquiry_mode
 .text.hci_write_page_scan_type
                0x80013e5c       0x6c c:/devkitPro/libogc/lib/wii\libbte.a(hci.o)
                0x80013e5c                hci_write_page_scan_type
 .text.hci_write_inquiry_scan_type
                0x80013ec8       0x6c c:/devkitPro/libogc/lib/wii\libbte.a(hci.o)
                0x80013ec8                hci_write_inquiry_scan_type
 .text.hci_vendor_specific_command
                0x80013f34       0x8c c:/devkitPro/libogc/lib/wii\libbte.a(hci.o)
                0x80013f34                hci_vendor_specific_command
 .text.hci_write_link_policy_settings
                0x80013fc0       0xa0 c:/devkitPro/libogc/lib/wii\libbte.a(hci.o)
                0x80013fc0                hci_write_link_policy_settings
 .text.hci_pin_code_request_neg_reply
                0x80014060       0x74 c:/devkitPro/libogc/lib/wii\libbte.a(hci.o)
                0x80014060                hci_pin_code_request_neg_reply
 .text.hci_disconnect
                0x800140d4       0x98 c:/devkitPro/libogc/lib/wii\libbte.a(hci.o)
                0x800140d4                hci_disconnect
 .text.hci_write_cod
                0x8001416c       0x78 c:/devkitPro/libogc/lib/wii\libbte.a(hci.o)
                0x8001416c                hci_write_cod
 .text.hci_host_buffer_size
                0x800141e4       0xb4 c:/devkitPro/libogc/lib/wii\libbte.a(hci.o)
                0x800141e4                hci_host_buffer_size
 .text.hci_host_num_comp_packets
                0x80014298       0xac c:/devkitPro/libogc/lib/wii\libbte.a(hci.o)
                0x80014298                hci_host_num_comp_packets
 .text.lp_pdu_maxsize
                0x80014344        0xc c:/devkitPro/libogc/lib/wii\libbte.a(hci.o)
                0x80014344                lp_pdu_maxsize
 .text.lp_acl_write
                0x80014350      0x114 c:/devkitPro/libogc/lib/wii\libbte.a(hci.o)
                0x80014350                lp_acl_write
 .text.lp_write_flush_timeout
                0x80014464       0xa0 c:/devkitPro/libogc/lib/wii\libbte.a(hci.o)
                0x80014464                lp_write_flush_timeout
 .text.hci_event_handler
                0x80014504      0xa6c c:/devkitPro/libogc/lib/wii\libbte.a(hci.o)
                0x80014504                hci_event_handler
 .text.hci_acldata_handler
                0x80014f70       0xdc c:/devkitPro/libogc/lib/wii\libbte.a(hci.o)
                0x80014f70                hci_acldata_handler
 .text.l2cap_cid_alloc
                0x8001504c       0x4c c:/devkitPro/libogc/lib/wii\libbte.a(l2cap.o)
 .text.l2cap_init
                0x80015098       0x60 c:/devkitPro/libogc/lib/wii\libbte.a(l2cap.o)
                0x80015098                l2cap_init
 .text.l2cap_write
                0x800150f8       0xe0 c:/devkitPro/libogc/lib/wii\libbte.a(l2cap.o)
                0x800150f8                l2cap_write
 .text.l2cap_new
                0x800151d8       0x6c c:/devkitPro/libogc/lib/wii\libbte.a(l2cap.o)
                0x800151d8                l2cap_new
 .text.l2cap_close
                0x80015244      0x15c c:/devkitPro/libogc/lib/wii\libbte.a(l2cap.o)
                0x80015244                l2cap_close
 .text.l2cap_reset_all
                0x800153a0      0x104 c:/devkitPro/libogc/lib/wii\libbte.a(l2cap.o)
                0x800153a0                l2cap_reset_all
 .text.l2cap_rexmit_signal
                0x800154a4       0x10 c:/devkitPro/libogc/lib/wii\libbte.a(l2cap.o)
                0x800154a4                l2cap_rexmit_signal
 .text.l2ca_datawrite
                0x800154b4       0xe8 c:/devkitPro/libogc/lib/wii\libbte.a(l2cap.o)
                0x800154b4                l2ca_datawrite
 .text.lp_connect_ind
                0x8001559c        0x4 c:/devkitPro/libogc/lib/wii\libbte.a(l2cap.o)
                0x8001559c                lp_connect_ind
 .text.lp_disconnect_ind
                0x800155a0       0xe4 c:/devkitPro/libogc/lib/wii\libbte.a(l2cap.o)
                0x800155a0                lp_disconnect_ind
 .text.l2cap_disconnect_bb
                0x80015684       0x10 c:/devkitPro/libogc/lib/wii\libbte.a(l2cap.o)
                0x80015684                l2cap_disconnect_bb
 .text.l2cap_next_sigid
                0x80015694       0x28 c:/devkitPro/libogc/lib/wii\libbte.a(l2cap.o)
                0x80015694                l2cap_next_sigid
 .text.l2cap_signal
                0x800156bc      0x184 c:/devkitPro/libogc/lib/wii\libbte.a(l2cap.o)
                0x800156bc                l2cap_signal
 .text.lp_connect_cfm
                0x80015840      0x130 c:/devkitPro/libogc/lib/wii\libbte.a(l2cap.o)
                0x80015840                lp_connect_cfm
 .text.l2ca_disconnect_req
                0x80015970       0xac c:/devkitPro/libogc/lib/wii\libbte.a(l2cap.o)
                0x80015970                l2ca_disconnect_req
 .text.l2cap_tmr
                0x80015a1c      0x1e8 c:/devkitPro/libogc/lib/wii\libbte.a(l2cap.o)
                0x80015a1c                l2cap_tmr
 .text.l2ca_config_req
                0x80015c04      0x108 c:/devkitPro/libogc/lib/wii\libbte.a(l2cap.o)
                0x80015c04                l2ca_config_req
 .text.l2cap_process_sig
                0x80015d0c     0x1078 c:/devkitPro/libogc/lib/wii\libbte.a(l2cap.o)
                0x80015d0c                l2cap_process_sig
 .text.l2cap_input
                0x80016d84      0x4e8 c:/devkitPro/libogc/lib/wii\libbte.a(l2cap.o)
                0x80016d84                l2cap_input
 .text.l2cap_arg
                0x8001726c        0x8 c:/devkitPro/libogc/lib/wii\libbte.a(l2cap.o)
                0x8001726c                l2cap_arg
 .text.l2cap_connect_ind
                0x80017274       0xd8 c:/devkitPro/libogc/lib/wii\libbte.a(l2cap.o)
                0x80017274                l2cap_connect_ind
 .text.l2cap_disconnect_ind
                0x8001734c        0x8 c:/devkitPro/libogc/lib/wii\libbte.a(l2cap.o)
                0x8001734c                l2cap_disconnect_ind
 .text.l2cap_recv
                0x80017354        0x8 c:/devkitPro/libogc/lib/wii\libbte.a(l2cap.o)
                0x80017354                l2cap_recv
 .text.btmemb_init
                0x8001735c       0x40 c:/devkitPro/libogc/lib/wii\libbte.a(btmemb.o)
                0x8001735c                btmemb_init
 .text.btmemb_alloc
                0x8001739c       0x9c c:/devkitPro/libogc/lib/wii\libbte.a(btmemb.o)
                0x8001739c                btmemb_alloc
 .text.btmemb_free
                0x80017438       0xa4 c:/devkitPro/libogc/lib/wii\libbte.a(btmemb.o)
                0x80017438                btmemb_free
 .text.plug_holes
                0x800174dc       0xb8 c:/devkitPro/libogc/lib/wii\libbte.a(btmemr.o)
 .text.btmemr_init
                0x80017594       0x8c c:/devkitPro/libogc/lib/wii\libbte.a(btmemr.o)
                0x80017594                btmemr_init
 .text.btmemr_malloc
                0x80017620      0x164 c:/devkitPro/libogc/lib/wii\libbte.a(btmemr.o)
                0x80017620                btmemr_malloc
 .text.btmemr_free
                0x80017784       0x94 c:/devkitPro/libogc/lib/wii\libbte.a(btmemr.o)
                0x80017784                btmemr_free
 .text.btmemr_realloc
                0x80017818       0xf0 c:/devkitPro/libogc/lib/wii\libbte.a(btmemr.o)
                0x80017818                btmemr_realloc
 .text.btpbuf_init
                0x80017908       0x2c c:/devkitPro/libogc/lib/wii\libbte.a(btpbuf.o)
                0x80017908                btpbuf_init
 .text.btpbuf_free
                0x80017934       0xc4 c:/devkitPro/libogc/lib/wii\libbte.a(btpbuf.o)
                0x80017934                btpbuf_free
 .text.btpbuf_alloc
                0x800179f8      0x1d0 c:/devkitPro/libogc/lib/wii\libbte.a(btpbuf.o)
                0x800179f8                btpbuf_alloc
 .text.btpbuf_realloc
                0x80017bc8       0xa4 c:/devkitPro/libogc/lib/wii\libbte.a(btpbuf.o)
                0x80017bc8                btpbuf_realloc
 .text.btpbuf_header
                0x80017c6c       0x98 c:/devkitPro/libogc/lib/wii\libbte.a(btpbuf.o)
                0x80017c6c                btpbuf_header
 .text.btpbuf_ref
                0x80017d04       0x4c c:/devkitPro/libogc/lib/wii\libbte.a(btpbuf.o)
                0x80017d04                btpbuf_ref
 .text.btpbuf_cat
                0x80017d50       0x48 c:/devkitPro/libogc/lib/wii\libbte.a(btpbuf.o)
                0x80017d50                btpbuf_cat
 .text.btpbuf_chain
                0x80017d98       0x34 c:/devkitPro/libogc/lib/wii\libbte.a(btpbuf.o)
                0x80017d98                btpbuf_chain
 .text.btpbuf_dechain
                0x80017dcc       0x60 c:/devkitPro/libogc/lib/wii\libbte.a(btpbuf.o)
                0x80017dcc                btpbuf_dechain
 .text.btpbuf_take
                0x80017e2c       0xe8 c:/devkitPro/libogc/lib/wii\libbte.a(btpbuf.o)
                0x80017e2c                btpbuf_take
 .text.__usb_closeCB
                0x80017f14       0x10 c:/devkitPro/libogc/lib/wii\libbte.a(physbusif.o)
 .text.__writebulkmsgCB
                0x80017f24       0x34 c:/devkitPro/libogc/lib/wii\libbte.a(physbusif.o)
 .text.__writectrlmsgCB
                0x80017f58       0x34 c:/devkitPro/libogc/lib/wii\libbte.a(physbusif.o)
 .text.__initUsbIOBuffer
                0x80017f8c       0x78 c:/devkitPro/libogc/lib/wii\libbte.a(physbusif.o)
 .text.__issue_intrread.part.0
                0x80018004       0x7c c:/devkitPro/libogc/lib/wii\libbte.a(physbusif.o)
 .text.__readintrdataCB
                0x80018080       0xf0 c:/devkitPro/libogc/lib/wii\libbte.a(physbusif.o)
 .text.__issue_bulkread.part.2
                0x80018170       0x7c c:/devkitPro/libogc/lib/wii\libbte.a(physbusif.o)
 .text.__readbulkdataCB
                0x800181ec       0xf0 c:/devkitPro/libogc/lib/wii\libbte.a(physbusif.o)
 .text.physbusif_init
                0x800182dc      0x15c c:/devkitPro/libogc/lib/wii\libbte.a(physbusif.o)
                0x800182dc                physbusif_init
 .text.physbusif_close
                0x80018438       0x28 c:/devkitPro/libogc/lib/wii\libbte.a(physbusif.o)
                0x80018438                physbusif_close
 .text.physbusif_shutdown
                0x80018460       0x40 c:/devkitPro/libogc/lib/wii\libbte.a(physbusif.o)
                0x80018460                physbusif_shutdown
 .text.physbusif_reset_all
                0x800184a0        0x4 c:/devkitPro/libogc/lib/wii\libbte.a(physbusif.o)
                0x800184a0                physbusif_reset_all
 .text.physbusif_output
                0x800184a4      0x140 c:/devkitPro/libogc/lib/wii\libbte.a(physbusif.o)
                0x800184a4                physbusif_output
 .text.__console_clear_line
                0x800185e4       0x94 c:/devkitPro/libogc/lib/wii\libogc.a(console.o)
 .text.__console_clear
                0x80018678       0x58 c:/devkitPro/libogc/lib/wii\libogc.a(console.o)
 .text.__console_write
                0x800186d0      0x680 c:/devkitPro/libogc/lib/wii\libogc.a(console.o)
                0x800186d0                __console_write
 .text.__console_init
                0x80018d50      0x100 c:/devkitPro/libogc/lib/wii\libogc.a(console.o)
                0x80018d50                __console_init
 .text.CON_Init
                0x80018e50        0x4 c:/devkitPro/libogc/lib/wii\libogc.a(console.o)
                0x80018e50                CON_Init
 .text.CON_EnableGecko
                0x80018e54       0xa0 c:/devkitPro/libogc/lib/wii\libogc.a(console.o)
                0x80018e54                CON_EnableGecko
 .text.__lwp_queue_initialize
                0x80018ef4       0x3c c:/devkitPro/libogc/lib/wii\libogc.a(lwp_queue.o)
                0x80018ef4                __lwp_queue_initialize
 .text.__lwp_queue_get
                0x80018f30       0x64 c:/devkitPro/libogc/lib/wii\libogc.a(lwp_queue.o)
                0x80018f30                __lwp_queue_get
 .text.__lwp_queue_append
                0x80018f94       0x50 c:/devkitPro/libogc/lib/wii\libogc.a(lwp_queue.o)
                0x80018f94                __lwp_queue_append
 .text.__lwp_priomap_addto
                0x80018fe4       0x28 c:/devkitPro/libogc/lib/wii\libogc.a(lwp_threads.o)
 .text.__lwp_thread_calcheir
                0x8001900c       0x3c c:/devkitPro/libogc/lib/wii\libogc.a(lwp_threads.o)
 .text.__lwp_thread_dispatchunnest
                0x80019048       0x10 c:/devkitPro/libogc/lib/wii\libogc.a(lwp_threads.o)
 .text.__lwp_priomap_removefrom
                0x80019058       0x38 c:/devkitPro/libogc/lib/wii\libogc.a(lwp_threads.o)
 .text.__lwp_wd_insert_ticks.constprop.4
                0x80019090       0x60 c:/devkitPro/libogc/lib/wii\libogc.a(lwp_threads.o)
 .text.__lwp_isr_in_progress
                0x800190f0        0x8 c:/devkitPro/libogc/lib/wii\libogc.a(lwp_threads.o)
                0x800190f0                __lwp_isr_in_progress
 .text.__thread_dispatch_fp
                0x800190f8       0x7c c:/devkitPro/libogc/lib/wii\libogc.a(lwp_threads.o)
                0x800190f8                __thread_dispatch_fp
 .text.__thread_dispatch
                0x80019174       0xe0 c:/devkitPro/libogc/lib/wii\libogc.a(lwp_threads.o)
                0x80019174                __thread_dispatch
 .text.__lwp_thread_dispatchenable
                0x80019254       0x18 c:/devkitPro/libogc/lib/wii\libogc.a(lwp_threads.o)
 .text.__lwp_thread_resettimeslice
                0x8001926c       0xcc c:/devkitPro/libogc/lib/wii\libogc.a(lwp_threads.o)
                0x8001926c                __lwp_thread_resettimeslice
 .text.__lwp_thread_tickle_timeslice
                0x80019338       0x80 c:/devkitPro/libogc/lib/wii\libogc.a(lwp_threads.o)
                0x80019338                __lwp_thread_tickle_timeslice
 .text.__lwp_thread_setstate
                0x800193b8       0xf8 c:/devkitPro/libogc/lib/wii\libogc.a(lwp_threads.o)
                0x800193b8                __lwp_thread_setstate
 .text.__lwp_thread_clearstate